<html>
<body>
<pre>
<h1>礦ision Build Log</h1>
<h2>Project:</h2>
C:\Users\liuzhao\Desktop\Project\Syd.uvproj
Project File Date:  02/07/2021

<h2>Output:</h2>
Build target 'Target 1'
compiling core_cm3.c...
compiling system_stm32f10x.c...
compiling misc.c...
compiling stm32f10x_adc.c...
compiling stm32f10x_bkp.c...
compiling stm32f10x_can.c...
compiling stm32f10x_cec.c...
compiling stm32f10x_crc.c...
compiling stm32f10x_dac.c...
compiling stm32f10x_dbgmcu.c...
compiling stm32f10x_dma.c...
compiling stm32f10x_exti.c...
compiling stm32f10x_flash.c...
compiling stm32f10x_fsmc.c...
compiling stm32f10x_gpio.c...
compiling stm32f10x_i2c.c...
compiling stm32f10x_iwdg.c...
compiling stm32f10x_pwr.c...
compiling stm32f10x_rcc.c...
compiling stm32f10x_rtc.c...
compiling stm32f10x_sdio.c...
compiling stm32f10x_spi.c...
compiling stm32f10x_tim.c...
compiling stm32f10x_usart.c...
compiling stm32f10x_wwdg.c...
compiling main.c...
User\main.c(30): error:  #268: declaration may not appear after executable statement in block
User\main.c:       u16 a;
User\main.c:       ^
User\main.c: User\main.c: 0 warnings, 1 error
compiling stm32f10x_it.c...
compiling led.c...
compiling key.c...
compiling buzzer.c...
compiling delay.c...
compiling rtc.c...
compiling sys.c...
compiling usart.c...
compiling flash.c...
Target not created
Build target 'Target 1'
compiling main.c...
linking...
Program Size: Code=8294 RO-data=294 RW-data=60 ZI-data=1836  
FromELF: creating hex file...
"Syd.axf" - 0 Error(s), 0 Warning(s).
Build target 'Target 1'
compiling main.c...
compiling buzzer.c...
linking...
Program Size: Code=8398 RO-data=294 RW-data=60 ZI-data=1836  
FromELF: creating hex file...
"Syd.axf" - 0 Error(s), 0 Warning(s).
Build target 'Target 1'
compiling main.c...
linking...
Program Size: Code=8434 RO-data=294 RW-data=60 ZI-data=1836  
FromELF: creating hex file...
"Syd.axf" - 0 Error(s), 0 Warning(s).
Build target 'Target 1'
compiling main.c...
linking...
Program Size: Code=8418 RO-data=294 RW-data=60 ZI-data=1836  
FromELF: creating hex file...
"Syd.axf" - 0 Error(s), 0 Warning(s).
Build target 'Target 1'
compiling main.c...
linking...
Program Size: Code=8418 RO-data=294 RW-data=60 ZI-data=1836  
FromELF: creating hex file...
"Syd.axf" - 0 Error(s), 0 Warning(s).
Build target 'Target 1'
compiling main.c...
compiling key.c...
compiling buzzer.c...
compiling rtc.c...
compiling sys.c...
compiling usart.c...
compiling flash.c...
linking...
Program Size: Code=8546 RO-data=450 RW-data=60 ZI-data=1836  
FromELF: creating hex file...
"Syd.axf" - 0 Error(s), 0 Warning(s).
Build target 'Target 1'
compiling main.c...
User\main.c(30): warning:  #223-D: function "USART1_Init" declared implicitly
User\main.c:    USART1_Init(Baud_Rate);
User\main.c:    ^
User\main.c: User\main.c: 1 warning, 0 errors
linking...
Syd.axf: Error: L6218E: Undefined symbol USART1_Init (referred from main.o).
Syd.axf: Not enough information to list image symbols.
Syd.axf: Finished: 1 information, 0 warning and 1 error messages.
Target not created
Build target 'Target 1'
compiling main.c...
linking...
Program Size: Code=8582 RO-data=450 RW-data=60 ZI-data=1836  
FromELF: creating hex file...
"Syd.axf" - 0 Error(s), 0 Warning(s).
Build target 'Target 1'
compiling main.c...
linking...
Program Size: Code=8574 RO-data=450 RW-data=60 ZI-data=1836  
FromELF: creating hex file...
"Syd.axf" - 0 Error(s), 0 Warning(s).
Build target 'Target 1'
compiling main.c...
compiling usart.c...
linking...
Program Size: Code=7874 RO-data=294 RW-data=60 ZI-data=1836  
FromELF: creating hex file...
"Syd.axf" - 0 Error(s), 0 Warning(s).
Build target 'Target 1'
compiling main.c...
linking...
Program Size: Code=7882 RO-data=294 RW-data=60 ZI-data=1836  
FromELF: creating hex file...
"Syd.axf" - 0 Error(s), 0 Warning(s).
Build target 'Target 1'
compiling main.c...
linking...
Program Size: Code=7882 RO-data=294 RW-data=60 ZI-data=1836  
FromELF: creating hex file...
"Syd.axf" - 0 Error(s), 0 Warning(s).
Build target 'Target 1'
compiling main.c...
User\main.c(51): warning:  #223-D: function "GPIO_ReadInoutDataBit" declared implicitly
User\main.c:            if (!GPIO_ReadInoutDataBit(KEYPORT, KEY1)) {
User\main.c:                 ^
User\main.c(59): error:  #20: identifier "KEYPROT" is undefined
User\main.c:            if (!GPIO_ReadInputDataBit(KEYPROT, KEY2)) {
User\main.c:                                       ^
User\main.c: User\main.c: 1 warning, 1 error
Target not created
Build target 'Target 1'
compiling main.c...
User\main.c(59): error:  #20: identifier "KEYPROT" is undefined
User\main.c:            if (!GPIO_ReadInputDataBit(KEYPROT, KEY2)) {
User\main.c:                                       ^
User\main.c: User\main.c: 0 warnings, 1 error
Target not created
Build target 'Target 1'
compiling main.c...
linking...
Program Size: Code=8562 RO-data=450 RW-data=60 ZI-data=1836  
FromELF: creating hex file...
"Syd.axf" - 0 Error(s), 0 Warning(s).
Build target 'Target 1'
compiling main.c...
User\main.c(24): warning:  #223-D: function "uart_init" declared implicitly
User\main.c:    uart_init(BAUD_RATE);
User\main.c:    ^
User\main.c: User\main.c: 1 warning, 0 errors
compiling usart.c...
linking...
Syd.axf: Error: L6218E: Undefined symbol USART1_RX_STA (referred from main.o).
Syd.axf: Error: L6218E: Undefined symbol uart_init (referred from main.o).
Syd.axf: Not enough information to list image symbols.
Syd.axf: Finished: 1 information, 0 warning and 2 error messages.
Target not created
Build target 'Target 1'
compiling main.c...
User\main.c(24): warning:  #223-D: function "uart_init" declared implicitly
User\main.c:    uart_init(BAUD_RATE);
User\main.c:    ^
User\main.c(13): warning:  #177-D: variable "a" was declared but never referenced
User\main.c:       u8 a;
User\main.c:          ^
User\main.c: User\main.c: 2 warnings, 0 errors
compiling usart.c...
linking...
Syd.axf: Error: L6218E: Undefined symbol USART1_RX_BUF (referred from main.o).
Syd.axf: Error: L6218E: Undefined symbol USART1_RX_STA (referred from main.o).
Syd.axf: Error: L6218E: Undefined symbol uart_init (referred from main.o).
Syd.axf: Not enough information to list image symbols.
Syd.axf: Finished: 1 information, 0 warning and 3 error messages.
Target not created
Build target 'Target 1'
compiling main.c...
compiling usart.c...
linking...
Syd.axf: Error: L6218E: Undefined symbol USART1_Init (referred from main.o).
Syd.axf: Error: L6218E: Undefined symbol USART1_RX_BUF (referred from main.o).
Syd.axf: Error: L6218E: Undefined symbol USART1_RX_STA (referred from main.o).
Syd.axf: Not enough information to list image symbols.
Syd.axf: Finished: 1 information, 0 warning and 3 error messages.
Target not created
Build target 'Target 1'
compiling core_cm3.c...
compiling system_stm32f10x.c...
compiling misc.c...
compiling stm32f10x_adc.c...
compiling stm32f10x_bkp.c...
compiling stm32f10x_can.c...
compiling stm32f10x_cec.c...
compiling stm32f10x_crc.c...
compiling stm32f10x_dac.c...
compiling stm32f10x_dbgmcu.c...
compiling stm32f10x_dma.c...
compiling stm32f10x_exti.c...
compiling stm32f10x_flash.c...
compiling stm32f10x_fsmc.c...
compiling stm32f10x_gpio.c...
compiling stm32f10x_i2c.c...
compiling stm32f10x_iwdg.c...
compiling stm32f10x_pwr.c...
compiling stm32f10x_rcc.c...
compiling stm32f10x_rtc.c...
compiling stm32f10x_sdio.c...
compiling stm32f10x_spi.c...
compiling stm32f10x_tim.c...
compiling stm32f10x_usart.c...
compiling stm32f10x_wwdg.c...
assembling startup_stm32f10x_md.s...
compiling main.c...
compiling stm32f10x_it.c...
compiling led.c...
compiling key.c...
compiling buzzer.c...
compiling delay.c...
compiling rtc.c...
compiling sys.c...
compiling usart.c...
compiling flash.c...
linking...
Syd.axf: Error: L6218E: Undefined symbol USART1_Init (referred from main.o).
Syd.axf: Error: L6218E: Undefined symbol USART1_RX_BUF (referred from main.o).
Syd.axf: Error: L6218E: Undefined symbol USART1_RX_STA (referred from main.o).
Syd.axf: Not enough information to list image symbols.
Syd.axf: Finished: 1 information, 0 warning and 3 error messages.
Target not created
Build target 'Target 1'
compiling core_cm3.c...
compiling system_stm32f10x.c...
compiling misc.c...
compiling stm32f10x_adc.c...
compiling stm32f10x_bkp.c...
compiling stm32f10x_can.c...
compiling stm32f10x_cec.c...
compiling stm32f10x_crc.c...
compiling stm32f10x_dac.c...
compiling stm32f10x_dbgmcu.c...
compiling stm32f10x_dma.c...
compiling stm32f10x_exti.c...
compiling stm32f10x_flash.c...
compiling stm32f10x_fsmc.c...
compiling stm32f10x_gpio.c...
compiling stm32f10x_i2c.c...
compiling stm32f10x_iwdg.c...
compiling stm32f10x_pwr.c...
compiling stm32f10x_rcc.c...
compiling stm32f10x_rtc.c...
compiling stm32f10x_sdio.c...
compiling stm32f10x_spi.c...
compiling stm32f10x_tim.c...
compiling stm32f10x_usart.c...
compiling stm32f10x_wwdg.c...
assembling startup_stm32f10x_md.s...
compiling main.c...
compiling stm32f10x_it.c...
compiling led.c...
compiling key.c...
compiling buzzer.c...
compiling delay.c...
compiling rtc.c...
compiling sys.c...
compiling usart.c...
compiling flash.c...
linking...
Program Size: Code=14418 RO-data=962 RW-data=60 ZI-data=1836  
FromELF: creating hex file...
"Syd.axf" - 0 Error(s), 0 Warning(s).
Build target 'Target 1'
compiling main.c...
User\main.c(23): warning:  #223-D: function "uart_init" declared implicitly
User\main.c:    uart_init(BAUD_RATE);
User\main.c:    ^
User\main.c: User\main.c: 1 warning, 0 errors
linking...
Syd.axf: Error: L6218E: Undefined symbol uart_init (referred from main.o).
Syd.axf: Not enough information to list image symbols.
Syd.axf: Finished: 1 information, 0 warning and 1 error messages.
Target not created
Build target 'Target 1'
compiling main.c...
linking...
Program Size: Code=14478 RO-data=962 RW-data=60 ZI-data=1836  
FromELF: creating hex file...
"Syd.axf" - 0 Error(s), 0 Warning(s).
Build target 'Target 1'
compiling main.c...
User\main.c(55): error:  #127: expected a statement
User\main.c:                    } else if ((USART1_RX_STA & 0X3FFF) == 1) {
User\main.c:                      ^
User\main.c(80): warning:  #12-D: parsing restarts here after previous syntax error
User\main.c:                    USART1_RX_STA=0; //将串口数据标志位清0
User\main.c:                                   ^
User\main.c: User\main.c: 1 warning, 1 error
Target not created
Build target 'Target 1'
compiling main.c...
User\main.c(75): error:  #20: identifier "bya" is undefined
User\main.c:                    bya=RTC_Set(ryear,rmon,rday,rhour,rmin,rsec); //将数据写入RTC计算器的程序
User\main.c:                    ^
User\main.c: User\main.c: 0 warnings, 1 error
Target not created
Build target 'Target 1'
compiling main.c...
linking...
Program Size: Code=14798 RO-data=962 RW-data=60 ZI-data=1836  
FromELF: creating hex file...
"Syd.axf" - 0 Error(s), 0 Warning(s).
Build target 'Target 1'
compiling main.c...
linking...
Program Size: Code=14810 RO-data=962 RW-data=60 ZI-data=1836  
FromELF: creating hex file...
"Syd.axf" - 0 Error(s), 0 Warning(s).
Build target 'Target 1'
compiling main.c...
linking...
Program Size: Code=14814 RO-data=962 RW-data=60 ZI-data=1836  
FromELF: creating hex file...
"Syd.axf" - 0 Error(s), 0 Warning(s).
Build target 'Target 1'
compiling main.c...
linking...
Program Size: Code=14782 RO-data=962 RW-data=60 ZI-data=1836  
FromELF: creating hex file...
"Syd.axf" - 0 Error(s), 0 Warning(s).
Build target 'Target 1'
compiling main.c...
linking...
Program Size: Code=14806 RO-data=962 RW-data=60 ZI-data=1836  
FromELF: creating hex file...
"Syd.axf" - 0 Error(s), 0 Warning(s).
Build target 'Target 1'
compiling main.c...
linking...
Program Size: Code=15170 RO-data=962 RW-data=60 ZI-data=1836  
FromELF: creating hex file...
"Syd.axf" - 0 Error(s), 0 Warning(s).
Build target 'Target 1'
compiling main.c...
linking...
Program Size: Code=14858 RO-data=962 RW-data=60 ZI-data=1836  
FromELF: creating hex file...
"Syd.axf" - 0 Error(s), 0 Warning(s).
Build target 'Target 1'
compiling main.c...
linking...
Program Size: Code=14858 RO-data=962 RW-data=60 ZI-data=1836  
FromELF: creating hex file...
"Syd.axf" - 0 Error(s), 0 Warning(s).
Build target 'Target 1'
compiling core_cm3.c...
compiling system_stm32f10x.c...
compiling misc.c...
compiling stm32f10x_adc.c...
compiling stm32f10x_bkp.c...
compiling stm32f10x_can.c...
compiling stm32f10x_cec.c...
compiling stm32f10x_crc.c...
compiling stm32f10x_dac.c...
compiling stm32f10x_dbgmcu.c...
compiling stm32f10x_dma.c...
compiling stm32f10x_exti.c...
compiling stm32f10x_flash.c...
compiling stm32f10x_fsmc.c...
compiling stm32f10x_gpio.c...
compiling stm32f10x_i2c.c...
compiling stm32f10x_iwdg.c...
compiling stm32f10x_pwr.c...
compiling stm32f10x_rcc.c...
compiling stm32f10x_rtc.c...
compiling stm32f10x_sdio.c...
compiling stm32f10x_spi.c...
compiling stm32f10x_tim.c...
compiling stm32f10x_usart.c...
compiling stm32f10x_wwdg.c...
compiling main.c...
compiling stm32f10x_it.c...
compiling led.c...
compiling key.c...
compiling buzzer.c...
compiling touch_key.c...
compiling delay.c...
compiling rtc.c...
compiling sys.c...
compiling usart.c...
compiling flash.c...
linking...
Program Size: Code=14858 RO-data=962 RW-data=60 ZI-data=1836  
FromELF: creating hex file...
"Syd.axf" - 0 Error(s), 0 Warning(s).
Build target 'Target 1'
compiling main.c...
User\main.c(11): warning:  #177-D: variable "bya" was declared but never referenced
User\main.c:    u8 bya; 
User\main.c:       ^
User\main.c: User\main.c: 1 warning, 0 errors
linking...
Program Size: Code=13718 RO-data=806 RW-data=60 ZI-data=1836  
FromELF: creating hex file...
"Syd.axf" - 0 Error(s), 1 Warning(s).
Build target 'Target 1'
compiling main.c...
linking...
Program Size: Code=13718 RO-data=806 RW-data=60 ZI-data=1836  
FromELF: creating hex file...
"Syd.axf" - 0 Error(s), 0 Warning(s).
Build target 'Target 1'
compiling main.c...
compiling touch_key.c...
linking...
Program Size: Code=13830 RO-data=806 RW-data=60 ZI-data=1836  
FromELF: creating hex file...
"Syd.axf" - 0 Error(s), 0 Warning(s).
Build target 'Target 1'
compiling main.c...
linking...
Program Size: Code=14838 RO-data=806 RW-data=60 ZI-data=1836  
FromELF: creating hex file...
"Syd.axf" - 0 Error(s), 0 Warning(s).
Build target 'Target 1'
compiling main.c...
linking...
Program Size: Code=14838 RO-data=806 RW-data=60 ZI-data=1836  
FromELF: creating hex file...
"Syd.axf" - 0 Error(s), 0 Warning(s).
Build target 'Target 1'
compiling core_cm3.c...
compiling system_stm32f10x.c...
compiling misc.c...
compiling stm32f10x_adc.c...
compiling stm32f10x_bkp.c...
compiling stm32f10x_can.c...
compiling stm32f10x_cec.c...
compiling stm32f10x_crc.c...
compiling stm32f10x_dac.c...
compiling stm32f10x_dbgmcu.c...
compiling stm32f10x_dma.c...
compiling stm32f10x_exti.c...
compiling stm32f10x_flash.c...
compiling stm32f10x_fsmc.c...
compiling stm32f10x_gpio.c...
compiling stm32f10x_i2c.c...
compiling stm32f10x_iwdg.c...
compiling stm32f10x_pwr.c...
compiling stm32f10x_rcc.c...
compiling stm32f10x_rtc.c...
compiling stm32f10x_sdio.c...
compiling stm32f10x_spi.c...
compiling stm32f10x_tim.c...
compiling stm32f10x_usart.c...
compiling stm32f10x_wwdg.c...
compiling main.c...
compiling stm32f10x_it.c...
compiling led.c...
compiling key.c...
compiling buzzer.c...
compiling touch_key.c...
compiling TM1640.c...
Hardware\TM1640\TM1640.c(22): warning:  #1-D: last line of file ends without a newline
Hardware\TM1640\TM1640.c:   }
Hardware\TM1640\TM1640.c:    ^
Hardware\TM1640\TM1640.c: Hardware\TM1640\TM1640.c: 1 warning, 0 errors
compiling delay.c...
compiling rtc.c...
compiling sys.c...
compiling usart.c...
compiling flash.c...
linking...
Program Size: Code=14838 RO-data=806 RW-data=60 ZI-data=1836  
FromELF: creating hex file...
"Syd.axf" - 0 Error(s), 1 Warning(s).
Build target 'Target 1'
compiling main.c...
User\main.c(18): warning:  #223-D: function "RTC_Config" declared implicitly
User\main.c:       RTC_Config();
User\main.c:       ^
User\main.c(23): warning:  #223-D: function "RTC_Get" declared implicitly
User\main.c:           if(RTC_Get() == 0) {
User\main.c:              ^
User\main.c(24): error:  #20: identifier "rday" is undefined
User\main.c:               TM1640_display(0, rday / 10);
User\main.c:                                 ^
User\main.c(26): error:  #20: identifier "rhour" is undefined
User\main.c:               TM1640_display(2, rhour / 10);
User\main.c:                                 ^
User\main.c(28): error:  #20: identifier "rmin" is undefined
User\main.c:               TM1640_display(4, rmin / 10);
User\main.c:                                 ^
User\main.c(30): error:  #20: identifier "rsec" is undefined
User\main.c:               TM1640_display(6, rsec / 10);
User\main.c:                                 ^
User\main.c(33): warning:  #174-D: expression has no effect
User\main.c:               c << 1;
User\main.c:               ^
User\main.c: User\main.c: 3 warnings, 4 errors
compiling TM1640.c...
Hardware\TM1640\TM1640.c(29): warning:  #223-D: function "RCC_APB3PeriphClockCmd" declared implicitly
Hardware\TM1640\TM1640.c:       RCC_APB3PeriphClockCmd(RCC_APB2Periph_GPIOA|RCC_APB2Periph_GPIOB|RCC_APB2Periph_GPIOC,ENABLE);
Hardware\TM1640\TM1640.c:       ^
Hardware\TM1640\TM1640.c(46): warning:  #223-D: function "TM1640_start" declared implicitly
Hardware\TM1640\TM1640.c:       TM1640_start();
Hardware\TM1640\TM1640.c:       ^
Hardware\TM1640\TM1640.c(49): warning:  #223-D: function "TM1640_write" declared implicitly
Hardware\TM1640\TM1640.c:       TM1640_write(TM1640MEDO_ADD);
Hardware\TM1640\TM1640.c:       ^
Hardware\TM1640\TM1640.c(50): warning:  #223-D: function "TM1640_stop" declared implicitly
Hardware\TM1640\TM1640.c:       TM1640_stop();
Hardware\TM1640\TM1640.c:       ^
Hardware\TM1640\TM1640.c(61): warning:  #223-D: function "TM1640_start" declared implicitly
Hardware\TM1640\TM1640.c:       TM1640_start();
Hardware\TM1640\TM1640.c:       ^
Hardware\TM1640\TM1640.c(64): warning:  #223-D: function "TM1640_write" declared implicitly
Hardware\TM1640\TM1640.c:       TM1640_write(TM1640_LEDPORT);
Hardware\TM1640\TM1640.c:       ^
Hardware\TM1640\TM1640.c(68): warning:  #223-D: function "TM1640_stop" declared implicitly
Hardware\TM1640\TM1640.c:       TM1640_stop();
Hardware\TM1640\TM1640.c:       ^
Hardware\TM1640\TM1640.c(78): warning:  #223-D: function "TM1640_start" declared implicitly
Hardware\TM1640\TM1640.c:       TM1640_start();
Hardware\TM1640\TM1640.c:       ^
Hardware\TM1640\TM1640.c(81): warning:  #223-D: function "TM1640_write" declared implicitly
Hardware\TM1640\TM1640.c:       TM1640_write(0XC0 + address);
Hardware\TM1640\TM1640.c:       ^
Hardware\TM1640\TM1640.c(85): warning:  #223-D: function "TM1640_stop" declared implicitly
Hardware\TM1640\TM1640.c:       TM1640_stop();
Hardware\TM1640\TM1640.c:       ^
Hardware\TM1640\TM1640.c(96): warning:  #223-D: function "TM1640_start" declared implicitly
Hardware\TM1640\TM1640.c:       TM1640_start();
Hardware\TM1640\TM1640.c:       ^
Hardware\TM1640\TM1640.c(99): warning:  #223-D: function "TM1640_write" declared implicitly
Hardware\TM1640\TM1640.c:       TM1640_write(0XC0 + address);
Hardware\TM1640\TM1640.c:       ^
Hardware\TM1640\TM1640.c(103): warning:  #223-D: function "TM1640_stop" declared implicitly
Hardware\TM1640\TM1640.c:       TM1640_stop();
Hardware\TM1640\TM1640.c:       ^
Hardware\TM1640\TM1640.c(109): error:  #159: declaration is incompatible with previous "TM1640_start" (declared at line 46)
Hardware\TM1640\TM1640.c:   void TM1640_start()
Hardware\TM1640\TM1640.c:        ^
Hardware\TM1640\TM1640.c(112): error:  #20: identifier "TM1640_GPIOPROT" is undefined
Hardware\TM1640\TM1640.c:       GPIO_WriteBit(TM1640_GPIOPROT, TM1640_DIN, (BitAction)(1));
Hardware\TM1640\TM1640.c:                     ^
Hardware\TM1640\TM1640.c(124): error:  #159: declaration is incompatible with previous "TM1640_stop" (declared at line 50)
Hardware\TM1640\TM1640.c:   void TM1640_stop()
Hardware\TM1640\TM1640.c:        ^
Hardware\TM1640\TM1640.c(126): error:  #20: identifier "TM1640_GPIOPROT" is undefined
Hardware\TM1640\TM1640.c:       GPIO_WriteBit(TM1640_GPIOPROT, TM1640_DIN, (BitAction)(0));
Hardware\TM1640\TM1640.c:                     ^
Hardware\TM1640\TM1640.c(136): error:  #159: declaration is incompatible with previous "TM1640_write" (declared at line 49)
Hardware\TM1640\TM1640.c:   void TM1640_write(u8 data)
Hardware\TM1640\TM1640.c:        ^
Hardware\TM1640\TM1640.c(141): error:  #20: identifier "TM1640_GPIOPROT" is undefined
Hardware\TM1640\TM1640.c:       GPIO_WriteBit(TM1640_GPIOPROT, TM1640_DIN, (BitAction)(0));
Hardware\TM1640\TM1640.c:                     ^
Hardware\TM1640\TM1640.c(155): warning:  #174-D: expression has no effect
Hardware\TM1640\TM1640.c:           aa == aa >> 1;
Hardware\TM1640\TM1640.c:           ^
Hardware\TM1640\TM1640.c: Hardware\TM1640\TM1640.c: 14 warnings, 6 errors
Target not created
Build target 'Target 1'
compiling main.c...
User\main.c(34): warning:  #174-D: expression has no effect
User\main.c:               c << 1;
User\main.c:               ^
User\main.c: User\main.c: 1 warning, 0 errors
compiling TM1640.c...
Hardware\TM1640\TM1640.c(29): warning:  #223-D: function "RCC_APB3PeriphClockCmd" declared implicitly
Hardware\TM1640\TM1640.c:       RCC_APB3PeriphClockCmd(RCC_APB2Periph_GPIOA|RCC_APB2Periph_GPIOB|RCC_APB2Periph_GPIOC,ENABLE);
Hardware\TM1640\TM1640.c:       ^
Hardware\TM1640\TM1640.c(46): warning:  #223-D: function "TM1640_start" declared implicitly
Hardware\TM1640\TM1640.c:       TM1640_start();
Hardware\TM1640\TM1640.c:       ^
Hardware\TM1640\TM1640.c(49): warning:  #223-D: function "TM1640_write" declared implicitly
Hardware\TM1640\TM1640.c:       TM1640_write(TM1640MEDO_ADD);
Hardware\TM1640\TM1640.c:       ^
Hardware\TM1640\TM1640.c(50): warning:  #223-D: function "TM1640_stop" declared implicitly
Hardware\TM1640\TM1640.c:       TM1640_stop();
Hardware\TM1640\TM1640.c:       ^
Hardware\TM1640\TM1640.c(61): warning:  #223-D: function "TM1640_start" declared implicitly
Hardware\TM1640\TM1640.c:       TM1640_start();
Hardware\TM1640\TM1640.c:       ^
Hardware\TM1640\TM1640.c(64): warning:  #223-D: function "TM1640_write" declared implicitly
Hardware\TM1640\TM1640.c:       TM1640_write(TM1640_LEDPORT);
Hardware\TM1640\TM1640.c:       ^
Hardware\TM1640\TM1640.c(68): warning:  #223-D: function "TM1640_stop" declared implicitly
Hardware\TM1640\TM1640.c:       TM1640_stop();
Hardware\TM1640\TM1640.c:       ^
Hardware\TM1640\TM1640.c(78): warning:  #223-D: function "TM1640_start" declared implicitly
Hardware\TM1640\TM1640.c:       TM1640_start();
Hardware\TM1640\TM1640.c:       ^
Hardware\TM1640\TM1640.c(81): warning:  #223-D: function "TM1640_write" declared implicitly
Hardware\TM1640\TM1640.c:       TM1640_write(0XC0 + address);
Hardware\TM1640\TM1640.c:       ^
Hardware\TM1640\TM1640.c(85): warning:  #223-D: function "TM1640_stop" declared implicitly
Hardware\TM1640\TM1640.c:       TM1640_stop();
Hardware\TM1640\TM1640.c:       ^
Hardware\TM1640\TM1640.c(96): warning:  #223-D: function "TM1640_start" declared implicitly
Hardware\TM1640\TM1640.c:       TM1640_start();
Hardware\TM1640\TM1640.c:       ^
Hardware\TM1640\TM1640.c(99): warning:  #223-D: function "TM1640_write" declared implicitly
Hardware\TM1640\TM1640.c:       TM1640_write(0XC0 + address);
Hardware\TM1640\TM1640.c:       ^
Hardware\TM1640\TM1640.c(103): warning:  #223-D: function "TM1640_stop" declared implicitly
Hardware\TM1640\TM1640.c:       TM1640_stop();
Hardware\TM1640\TM1640.c:       ^
Hardware\TM1640\TM1640.c(109): error:  #159: declaration is incompatible with previous "TM1640_start" (declared at line 46)
Hardware\TM1640\TM1640.c:   void TM1640_start(void)
Hardware\TM1640\TM1640.c:        ^
Hardware\TM1640\TM1640.c(112): error:  #20: identifier "TM1640_GPIOPROT" is undefined
Hardware\TM1640\TM1640.c:       GPIO_WriteBit(TM1640_GPIOPROT, TM1640_DIN, (BitAction)(1));
Hardware\TM1640\TM1640.c:                     ^
Hardware\TM1640\TM1640.c(124): error:  #159: declaration is incompatible with previous "TM1640_stop" (declared at line 50)
Hardware\TM1640\TM1640.c:   void TM1640_stop(void)
Hardware\TM1640\TM1640.c:        ^
Hardware\TM1640\TM1640.c(126): error:  #20: identifier "TM1640_GPIOPROT" is undefined
Hardware\TM1640\TM1640.c:       GPIO_WriteBit(TM1640_GPIOPROT, TM1640_DIN, (BitAction)(0));
Hardware\TM1640\TM1640.c:                     ^
Hardware\TM1640\TM1640.c(136): error:  #159: declaration is incompatible with previous "TM1640_write" (declared at line 49)
Hardware\TM1640\TM1640.c:   void TM1640_write(u8 data)
Hardware\TM1640\TM1640.c:        ^
Hardware\TM1640\TM1640.c(141): error:  #20: identifier "TM1640_GPIOPROT" is undefined
Hardware\TM1640\TM1640.c:       GPIO_WriteBit(TM1640_GPIOPROT, TM1640_DIN, (BitAction)(0));
Hardware\TM1640\TM1640.c:                     ^
Hardware\TM1640\TM1640.c(155): warning:  #174-D: expression has no effect
Hardware\TM1640\TM1640.c:           aa == aa >> 1;
Hardware\TM1640\TM1640.c:           ^
Hardware\TM1640\TM1640.c: Hardware\TM1640\TM1640.c: 14 warnings, 6 errors
Target not created
Build target 'Target 1'
compiling TM1640.c...
Hardware\TM1640\TM1640.c(29): warning:  #223-D: function "RCC_APB3PeriphClockCmd" declared implicitly
Hardware\TM1640\TM1640.c:       RCC_APB3PeriphClockCmd(RCC_APB2Periph_GPIOA|RCC_APB2Periph_GPIOB|RCC_APB2Periph_GPIOC,ENABLE);
Hardware\TM1640\TM1640.c:       ^
Hardware\TM1640\TM1640.c(46): warning:  #223-D: function "TM1640_start" declared implicitly
Hardware\TM1640\TM1640.c:       TM1640_start();
Hardware\TM1640\TM1640.c:       ^
Hardware\TM1640\TM1640.c(49): warning:  #223-D: function "TM1640_write" declared implicitly
Hardware\TM1640\TM1640.c:       TM1640_write(TM1640MEDO_ADD);
Hardware\TM1640\TM1640.c:       ^
Hardware\TM1640\TM1640.c(50): warning:  #223-D: function "TM1640_stop" declared implicitly
Hardware\TM1640\TM1640.c:       TM1640_stop();
Hardware\TM1640\TM1640.c:       ^
Hardware\TM1640\TM1640.c(61): warning:  #223-D: function "TM1640_start" declared implicitly
Hardware\TM1640\TM1640.c:       TM1640_start();
Hardware\TM1640\TM1640.c:       ^
Hardware\TM1640\TM1640.c(64): warning:  #223-D: function "TM1640_write" declared implicitly
Hardware\TM1640\TM1640.c:       TM1640_write(TM1640_LEDPORT);
Hardware\TM1640\TM1640.c:       ^
Hardware\TM1640\TM1640.c(68): warning:  #223-D: function "TM1640_stop" declared implicitly
Hardware\TM1640\TM1640.c:       TM1640_stop();
Hardware\TM1640\TM1640.c:       ^
Hardware\TM1640\TM1640.c(78): warning:  #223-D: function "TM1640_start" declared implicitly
Hardware\TM1640\TM1640.c:       TM1640_start();
Hardware\TM1640\TM1640.c:       ^
Hardware\TM1640\TM1640.c(81): warning:  #223-D: function "TM1640_write" declared implicitly
Hardware\TM1640\TM1640.c:       TM1640_write(0XC0 + address);
Hardware\TM1640\TM1640.c:       ^
Hardware\TM1640\TM1640.c(85): warning:  #223-D: function "TM1640_stop" declared implicitly
Hardware\TM1640\TM1640.c:       TM1640_stop();
Hardware\TM1640\TM1640.c:       ^
Hardware\TM1640\TM1640.c(96): warning:  #223-D: function "TM1640_start" declared implicitly
Hardware\TM1640\TM1640.c:       TM1640_start();
Hardware\TM1640\TM1640.c:       ^
Hardware\TM1640\TM1640.c(99): warning:  #223-D: function "TM1640_write" declared implicitly
Hardware\TM1640\TM1640.c:       TM1640_write(0XC0 + address);
Hardware\TM1640\TM1640.c:       ^
Hardware\TM1640\TM1640.c(103): warning:  #223-D: function "TM1640_stop" declared implicitly
Hardware\TM1640\TM1640.c:       TM1640_stop();
Hardware\TM1640\TM1640.c:       ^
Hardware\TM1640\TM1640.c(109): error:  #159: declaration is incompatible with previous "TM1640_start" (declared at line 46)
Hardware\TM1640\TM1640.c:   void TM1640_start(void)
Hardware\TM1640\TM1640.c:        ^
Hardware\TM1640\TM1640.c(124): error:  #159: declaration is incompatible with previous "TM1640_stop" (declared at line 50)
Hardware\TM1640\TM1640.c:   void TM1640_stop(void)
Hardware\TM1640\TM1640.c:        ^
Hardware\TM1640\TM1640.c(136): error:  #159: declaration is incompatible with previous "TM1640_write" (declared at line 49)
Hardware\TM1640\TM1640.c:   void TM1640_write(u8 data)
Hardware\TM1640\TM1640.c:        ^
Hardware\TM1640\TM1640.c: Hardware\TM1640\TM1640.c: 13 warnings, 3 errors
Target not created
Build target 'Target 1'
compiling TM1640.c...
Hardware\TM1640\TM1640.c(84): warning:  #223-D: function "RCC_APB3PeriphClockCmd" declared implicitly
Hardware\TM1640\TM1640.c:       RCC_APB3PeriphClockCmd(RCC_APB2Periph_GPIOA|RCC_APB2Periph_GPIOB|RCC_APB2Periph_GPIOC,ENABLE);
Hardware\TM1640\TM1640.c:       ^
Hardware\TM1640\TM1640.c: Hardware\TM1640\TM1640.c: 1 warning, 0 errors
linking...
Syd.axf: Error: L6218E: Undefined symbol RCC_APB3PeriphClockCmd (referred from tm1640.o).
Syd.axf: Not enough information to list image symbols.
Syd.axf: Finished: 1 information, 0 warning and 1 error messages.
Target not created
Build target 'Target 1'
compiling TM1640.c...
linking...
Program Size: Code=14370 RO-data=806 RW-data=60 ZI-data=1836  
FromELF: creating hex file...
"Syd.axf" - 0 Error(s), 0 Warning(s).
Build target 'Target 1'
compiling main.c...
User\main.c(34): warning:  #174-D: expression has no effect
User\main.c:               c << 1;
User\main.c:               ^
User\main.c: User\main.c: 1 warning, 0 errors
compiling TM1640.c...
linking...
Program Size: Code=14370 RO-data=806 RW-data=60 ZI-data=1836  
FromELF: creating hex file...
"Syd.axf" - 0 Error(s), 1 Warning(s).
Build target 'Target 1'
linking...
Program Size: Code=14370 RO-data=806 RW-data=60 ZI-data=1836  
FromELF: creating hex file...
"Syd.axf" - 0 Error(s), 0 Warning(s).
Build target 'Target 1'
compiling TM1640.c...
linking...
Program Size: Code=14370 RO-data=806 RW-data=60 ZI-data=1836  
FromELF: creating hex file...
"Syd.axf" - 0 Error(s), 0 Warning(s).
Build target 'Target 1'
compiling main.c...
linking...
Program Size: Code=14366 RO-data=806 RW-data=60 ZI-data=1836  
FromELF: creating hex file...
"Syd.axf" - 0 Error(s), 0 Warning(s).
Build target 'Target 1'
compiling main.c...
User\main.c(14): warning:  #177-D: variable "c" was declared but never referenced
User\main.c:       u8 c = 0x01;
User\main.c:          ^
User\main.c: User\main.c: 1 warning, 0 errors
linking...
Program Size: Code=14362 RO-data=806 RW-data=60 ZI-data=1836  
FromELF: creating hex file...
"Syd.axf" - 0 Error(s), 1 Warning(s).
Build target 'Target 1'
compiling main.c...
User\main.c(34): warning:  #174-D: expression has no effect
User\main.c:               c << 1;
User\main.c:               ^
User\main.c: User\main.c: 1 warning, 0 errors
compiling TM1640.c...
linking...
Program Size: Code=14370 RO-data=806 RW-data=60 ZI-data=1836  
FromELF: creating hex file...
"Syd.axf" - 0 Error(s), 1 Warning(s).
Build target 'Target 1'
compiling TM1640.c...
linking...
Program Size: Code=14370 RO-data=806 RW-data=60 ZI-data=1836  
FromELF: creating hex file...
"Syd.axf" - 0 Error(s), 0 Warning(s).
Build target 'Target 1'
compiling main.c...
User\main.c(34): error:  #29: expected an expression
User\main.c:               c << = 1;
User\main.c:                    ^
User\main.c: User\main.c: 0 warnings, 1 error
Target not created
Build target 'Target 1'
compiling main.c...
linking...
Program Size: Code=14374 RO-data=806 RW-data=60 ZI-data=1836  
FromELF: creating hex file...
"Syd.axf" - 0 Error(s), 0 Warning(s).
