<html>
<body>
<pre>
<h1>µVision Build Log</h1>
<h2>Project:</h2>
C:\Users\liuzhao\Desktop\Project\Syd.uvproj
Project File Date:  02/07/2021

<h2>Output:</h2>
Build target 'Target 1'
compiling core_cm3.c...
compiling system_stm32f10x.c...
compiling misc.c...
compiling stm32f10x_adc.c...
compiling stm32f10x_bkp.c...
compiling stm32f10x_can.c...
compiling stm32f10x_cec.c...
compiling stm32f10x_crc.c...
compiling stm32f10x_dac.c...
compiling stm32f10x_dbgmcu.c...
compiling stm32f10x_dma.c...
compiling stm32f10x_exti.c...
compiling stm32f10x_flash.c...
compiling stm32f10x_fsmc.c...
compiling stm32f10x_gpio.c...
compiling stm32f10x_i2c.c...
compiling stm32f10x_iwdg.c...
compiling stm32f10x_pwr.c...
compiling stm32f10x_rcc.c...
compiling stm32f10x_rtc.c...
compiling stm32f10x_sdio.c...
compiling stm32f10x_spi.c...
compiling stm32f10x_tim.c...
compiling stm32f10x_usart.c...
compiling stm32f10x_wwdg.c...
compiling main.c...
User\main.c(30): error:  #268: declaration may not appear after executable statement in block
User\main.c:       u16 a;
User\main.c:       ^
User\main.c: User\main.c: 0 warnings, 1 error
compiling stm32f10x_it.c...
compiling led.c...
compiling key.c...
compiling buzzer.c...
compiling delay.c...
compiling rtc.c...
compiling sys.c...
compiling usart.c...
compiling flash.c...
Target not created
Build target 'Target 1'
compiling main.c...
linking...
Program Size: Code=8294 RO-data=294 RW-data=60 ZI-data=1836  
FromELF: creating hex file...
"Syd.axf" - 0 Error(s), 0 Warning(s).
Build target 'Target 1'
compiling main.c...
compiling buzzer.c...
linking...
Program Size: Code=8398 RO-data=294 RW-data=60 ZI-data=1836  
FromELF: creating hex file...
"Syd.axf" - 0 Error(s), 0 Warning(s).
Build target 'Target 1'
compiling main.c...
linking...
Program Size: Code=8434 RO-data=294 RW-data=60 ZI-data=1836  
FromELF: creating hex file...
"Syd.axf" - 0 Error(s), 0 Warning(s).
Build target 'Target 1'
compiling main.c...
linking...
Program Size: Code=8418 RO-data=294 RW-data=60 ZI-data=1836  
FromELF: creating hex file...
"Syd.axf" - 0 Error(s), 0 Warning(s).
Build target 'Target 1'
compiling main.c...
linking...
Program Size: Code=8418 RO-data=294 RW-data=60 ZI-data=1836  
FromELF: creating hex file...
"Syd.axf" - 0 Error(s), 0 Warning(s).
Build target 'Target 1'
compiling main.c...
compiling key.c...
compiling buzzer.c...
compiling rtc.c...
compiling sys.c...
compiling usart.c...
compiling flash.c...
linking...
Program Size: Code=8546 RO-data=450 RW-data=60 ZI-data=1836  
FromELF: creating hex file...
"Syd.axf" - 0 Error(s), 0 Warning(s).
Build target 'Target 1'
compiling main.c...
User\main.c(30): warning:  #223-D: function "USART1_Init" declared implicitly
User\main.c:    USART1_Init(Baud_Rate);
User\main.c:    ^
User\main.c: User\main.c: 1 warning, 0 errors
linking...
Syd.axf: Error: L6218E: Undefined symbol USART1_Init (referred from main.o).
Syd.axf: Not enough information to list image symbols.
Syd.axf: Finished: 1 information, 0 warning and 1 error messages.
Target not created
Build target 'Target 1'
compiling main.c...
linking...
Program Size: Code=8582 RO-data=450 RW-data=60 ZI-data=1836  
FromELF: creating hex file...
"Syd.axf" - 0 Error(s), 0 Warning(s).
Build target 'Target 1'
compiling main.c...
linking...
Program Size: Code=8574 RO-data=450 RW-data=60 ZI-data=1836  
FromELF: creating hex file...
"Syd.axf" - 0 Error(s), 0 Warning(s).
Build target 'Target 1'
compiling main.c...
compiling usart.c...
linking...
Program Size: Code=7874 RO-data=294 RW-data=60 ZI-data=1836  
FromELF: creating hex file...
"Syd.axf" - 0 Error(s), 0 Warning(s).
