ARM Linker, 4.1 [Build 481] [Standard]

==============================================================================

Section Cross References

    system_stm32f10x.o(.text) refers to system_stm32f10x.o(.data) for SystemCoreClock
    stm32f10x_adc.o(.text) refers to stm32f10x_rcc.o(.text) for RCC_APB2PeriphResetCmd
    stm32f10x_bkp.o(.text) refers to stm32f10x_rcc.o(.text) for RCC_BackupResetCmd
    stm32f10x_can.o(.text) refers to stm32f10x_rcc.o(.text) for RCC_APB1PeriphResetCmd
    stm32f10x_cec.o(.text) refers to stm32f10x_rcc.o(.text) for RCC_APB1PeriphResetCmd
    stm32f10x_dac.o(.text) refers to stm32f10x_rcc.o(.text) for RCC_APB1PeriphResetCmd
    stm32f10x_gpio.o(.text) refers to stm32f10x_rcc.o(.text) for RCC_APB2PeriphResetCmd
    stm32f10x_i2c.o(.text) refers to stm32f10x_rcc.o(.text) for RCC_APB1PeriphResetCmd
    stm32f10x_pwr.o(.text) refers to stm32f10x_rcc.o(.text) for RCC_APB1PeriphResetCmd
    stm32f10x_rcc.o(.text) refers to stm32f10x_rcc.o(.data) for APBAHBPrescTable
    stm32f10x_spi.o(.text) refers to stm32f10x_rcc.o(.text) for RCC_APB2PeriphResetCmd
    stm32f10x_tim.o(.text) refers to stm32f10x_rcc.o(.text) for RCC_APB2PeriphResetCmd
    stm32f10x_usart.o(.text) refers to stm32f10x_rcc.o(.text) for RCC_APB2PeriphResetCmd
    stm32f10x_wwdg.o(.text) refers to stm32f10x_rcc.o(.text) for RCC_APB1PeriphResetCmd
    startup_stm32f10x_md.o(STACK) refers (Special) to heapauxi.o(.text) for __use_two_region_memory
    startup_stm32f10x_md.o(HEAP) refers (Special) to heapauxi.o(.text) for __use_two_region_memory
    startup_stm32f10x_md.o(RESET) refers (Special) to heapauxi.o(.text) for __use_two_region_memory
    startup_stm32f10x_md.o(RESET) refers to startup_stm32f10x_md.o(STACK) for __initial_sp
    startup_stm32f10x_md.o(RESET) refers to startup_stm32f10x_md.o(.text) for Reset_Handler
    startup_stm32f10x_md.o(RESET) refers to stm32f10x_it.o(.text) for NMI_Handler
    startup_stm32f10x_md.o(RESET) refers to rtc.o(.text) for RTC_IRQHandler
    startup_stm32f10x_md.o(RESET) refers to usart.o(.text) for USART1_IRQHandler
    startup_stm32f10x_md.o(.text) refers (Special) to heapauxi.o(.text) for __use_two_region_memory
    startup_stm32f10x_md.o(.text) refers to system_stm32f10x.o(.text) for SystemInit
    startup_stm32f10x_md.o(.text) refers to __main.o(!!!main) for __main
    startup_stm32f10x_md.o(.text) refers to startup_stm32f10x_md.o(HEAP) for Heap_Mem
    startup_stm32f10x_md.o(.text) refers to startup_stm32f10x_md.o(STACK) for Stack_Mem
    main.o(.text) refers to delay.o(.text) for delay_ms
    main.o(.text) refers to sys.o(.text) for RCC_Configuration
    main.o(.text) refers to i2c.o(.text) for I2C_Configuration
    main.o(.text) refers to touch_key.o(.text) for TOUCH_KEY_Init
    main.o(.text) refers to relay.o(.text) for RELAY_Init
    main.o(.text) refers to rtc.o(.text) for RTC_Config
    main.o(.text) refers to encoder.o(.text) for ENCODER_Init
    main.o(.text) refers to tm1640.o(.text) for TM1640_Init
    main.o(.text) refers to lm75a.o(.text) for LM75A_GetTemp
    main.o(.text) refers to oled0561.o(.text) for OLED0561_Init
    main.o(.text) refers to adc.o(.text) for ADC_Configuration
    main.o(.text) refers to stm32f10x_gpio.o(.text) for GPIO_ReadInputDataBit
    main.o(.text) refers to adc.o(.data) for ADC_DMA_IN5
    led.o(.text) refers to stm32f10x_rcc.o(.text) for RCC_APB2PeriphClockCmd
    led.o(.text) refers to stm32f10x_gpio.o(.text) for GPIO_Init
    led.o(.text) refers to delay.o(.text) for delay_us
    key.o(.text) refers to stm32f10x_rcc.o(.text) for RCC_APB2PeriphClockCmd
    key.o(.text) refers to stm32f10x_gpio.o(.text) for GPIO_Init
    buzzer.o(.text) refers to stm32f10x_gpio.o(.text) for GPIO_Init
    buzzer.o(.text) refers to delay.o(.text) for delay_us
    buzzer.o(.text) refers to buzzer.o(.constdata) for music1
    touch_key.o(.text) refers to stm32f10x_gpio.o(.text) for GPIO_Init
    tm1640.o(.text) refers to stm32f10x_gpio.o(.text) for GPIO_WriteBit
    tm1640.o(.text) refers to delay.o(.text) for delay_us
    tm1640.o(.text) refers to stm32f10x_rcc.o(.text) for RCC_APB2PeriphClockCmd
    tm1640.o(.text) refers to rt_memcpy_w.o(.text) for __aeabi_memcpy4
    encoder.o(.text) refers to stm32f10x_rcc.o(.text) for RCC_APB2PeriphClockCmd
    encoder.o(.text) refers to stm32f10x_gpio.o(.text) for GPIO_Init
    encoder.o(.text) refers to delay.o(.text) for delay_us
    encoder.o(.text) refers to encoder.o(.data) for KUP
    lm75a.o(.text) refers to i2c.o(.text) for I2C_READ_BUFFER
    oled0561.o(.text) refers to rt_memcpy_w.o(.text) for __aeabi_memcpy4
    oled0561.o(.text) refers to i2c.o(.text) for I2C_SAND_BUFFER
    oled0561.o(.text) refers to oled0561.o(.constdata) for ASCII_8x16
    relay.o(.text) refers to stm32f10x_rcc.o(.text) for RCC_APB2PeriphClockCmd
    relay.o(.text) refers to stm32f10x_gpio.o(.text) for GPIO_Init
    rtc.o(.text) refers to stm32f10x_rcc.o(.text) for RCC_APB1PeriphClockCmd
[...]
    .text                                    0x08002cd4   Section        0  relay.o(.text)
    .text                                    0x08002d44   Section        0  delay.o(.text)
    .text                                    0x08002da4   Section        0  rtc.o(.text)
    .text                                    0x080030e0   Section        0  sys.o(.text)
    .text                                    0x0800315c   Section        0  usart.o(.text)
    .text                                    0x080032f8   Section        0  i2c.o(.text)
    .text                                    0x080035f8   Section        0  adc.o(.text)
    .text                                    0x08003720   Section        2  use_no_semi_2.o(.text)
    .text                                    0x08003724   Section        0  c89vsnprintf.o(.text)
    .text                                    0x08003758   Section        0  __2printf.o(.text)
    .text                                    0x08003770   Section        0  _printf_str.o(.text)
    .text                                    0x080037c4   Section        0  __printf_flags_ss_wp.o(.text)
    .text                                    0x08003960   Section        0  strlen.o(.text)
    .text                                    0x0800399e   Section      100  rt_memcpy_w.o(.text)
    .text                                    0x08003a02   Section        0  heapauxi.o(.text)
    .text                                    0x08003a08   Section        2  use_no_semi.o(.text)
    .text                                    0x08003a0a   Section        0  _printf_pad.o(.text)
    .text                                    0x08003a5a   Section        0  _printf_truncate.o(.text)
    .text                                    0x08003a80   Section        0  _printf_dec.o(.text)
    .text                                    0x08003af4   Section        0  _printf_charcount.o(.text)
    .text                                    0x08003b20   Section        0  _printf_char_common.o(.text)
    _printf_input_char                       0x08003b21   Thumb Code    10  _printf_char_common.o(.text)
    .text                                    0x08003b50   Section        0  _sputc.o(.text)
    .text                                    0x08003b5a   Section        0  _snputc.o(.text)
    .text                                    0x08003b6a   Section        0  _printf_char.o(.text)
    .text                                    0x08003b98   Section        0  _printf_char_file.o(.text)
    .text                                    0x08003bbc   Section        0  _printf_wctomb.o(.text)
    .text                                    0x08003c78   Section        0  _printf_longlong_dec.o(.text)
    .text                                    0x08003cf0   Section        0  _printf_oct_int_ll.o(.text)
    _printf_longlong_oct_internal            0x08003cf1   Thumb Code     0  _printf_oct_int_ll.o(.text)
    .text                                    0x08003d68   Section        0  _printf_hex_int_ll_ptr.o(.text)
    _printf_hex_common                       0x08003d69   Thumb Code     0  _printf_hex_int_ll_ptr.o(.text)
    .text                                    0x08003e04   Section      138  lludiv10.o(.text)
    .text                                    0x08003e8e   Section        0  _printf_intcommon.o(.text)
    .text                                    0x08003f42   Section        0  _printf_fp_dec.o(.text)
    _fp_digits                               0x08003f45   Thumb Code   420  _printf_fp_dec.o(.text)
    .text                                    0x08004350   Section        0  _printf_wchar.o(.text)
    .text                                    0x0800437c   Section        0  ferror.o(.text)
    .text                                    0x08004384   Section        0  _wcrtomb.o(.text)
    .text                                    0x080043c4   Section       16  rtudiv10.o(.text)
    .text                                    0x080043d4   Section       74  sys_stackheap_outer.o(.text)
    .text                                    0x08004420   Section       16  rt_ctype_table.o(.text)
    .text                                    0x08004430   Section       12  rt_locale_intlibspace.o(.text)
    .text                                    0x0800443c   Section        0  _printf_fp_infnan.o(.text)
    .text                                    0x080044b8   Section        0  bigflt0.o(.text)
    .text                                    0x080045a4   Section        0  exit.o(.text)
    .text                                    0x080045b0   Section        8  libspace.o(.text)
    .text                                    0x080045b8   Section      128  strcmpv7m.o(.text)
    .text                                    0x08004638   Section       12  rt_fp_status_addr_intlibspace.o(.text)
    CL$$btod_d2e                             0x08004644   Section       62  btod.o(CL$$btod_d2e)
    CL$$btod_d2e_denorm_low                  0x08004682   Section       70  btod.o(CL$$btod_d2e_denorm_low)
    CL$$btod_d2e_norm_op1                    0x080046c8   Section       96  btod.o(CL$$btod_d2e_norm_op1)
    CL$$btod_div_common                      0x08004728   Section      824  btod.o(CL$$btod_div_common)
    CL$$btod_e2e                             0x08004a60   Section      198  btod.o(CL$$btod_e2e)
    CL$$btod_ediv                            0x08004b26   Section       40  btod.o(CL$$btod_ediv)
    CL$$btod_emul                            0x08004b4e   Section       40  btod.o(CL$$btod_emul)
    CL$$btod_mult_common                     0x08004b76   Section      580  btod.o(CL$$btod_mult_common)
    i.__ARM_fpclassify                       0x08004dba   Section        0  fpclassify.o(i.__ARM_fpclassify)
    locale$$code                             0x08004de4   Section       44  lc_numeric_c.o(locale$$code)
    locale$$code                             0x08004e10   Section       44  lc_ctype_c.o(locale$$code)
    x$fpl$fpinit                             0x08004e3c   Section       14  fpinit.o(x$fpl$fpinit)
    x$fpl$printf1                            0x08004e4a   Section        4  printf1.o(x$fpl$printf1)
    .constdata                               0x08004e4e   Section     2688  oled0561.o(.constdata)
    x$fpl$usenofp                            0x08004e4e   Section        0  usenofp.o(x$fpl$usenofp)
    .constdata                               0x080058ce   Section       24  rtc.o(.constdata)
    .constdata                               0x080058e6   Section       17  __printf_flags_ss_wp.o(.constdata)
    maptable                                 0x080058e6   Data          17  __printf_flags_ss_wp.o(.constdata)
    .constdata                               0x080058f8   Section        8  _printf_wctomb.o(.constdata)
    initial_mbstate                          0x080058f8   Data           8  _printf_wctomb.o(.constdata)
    .constdata                               0x08005900   Section       40  _printf_hex_int_ll_ptr.o(.constdata)
    uc_hextab                                0x08005900   Data          20  _printf_hex_int_ll_ptr.o(.constdata)
    lc_hextab                                0x08005914   Data          20  _printf_hex_int_ll_ptr.o(.constdata)
    .constdata                               0x08005928   Section      148  bigflt0.o(.constdata)
    tenpwrs_x                                0x08005928   Data          60  bigflt0.o(.constdata)
    tenpwrs_i                                0x08005964   Data          64  bigflt0.o(.constdata)
    locale$$data                             0x080059dc   Section       28  lc_numeric_c.o(locale$$data)
    __lcnum_c_name                           0x080059e0   Data           2  lc_numeric_c.o(locale$$data)
    __lcnum_c_start                          0x080059e8   Data           0  lc_numeric_c.o(locale$$data)
    __lcnum_c_point                          0x080059f4   Data           0  lc_numeric_c.o(locale$$data)
    __lcnum_c_thousands                      0x080059f6   Data           0  lc_numeric_c.o(locale$$data)
    __lcnum_c_grouping                       0x080059f7   Data           0  lc_numeric_c.o(locale$$data)
    locale$$data                             0x080059f8   Section      272  lc_ctype_c.o(locale$$data)
    __lcnum_c_end                            0x080059f8   Data           0  lc_numeric_c.o(locale$$data)
    __lcctype_c_name                         0x080059fc   Data           2  lc_ctype_c.o(locale$$data)
    __lcctype_c_start                        0x08005a04   Data           0  lc_ctype_c.o(locale$$data)
    __lcctype_c_end                          0x08005b08   Data           0  lc_ctype_c.o(locale$$data)
    .data                                    0x20000000   Section       20  system_stm32f10x.o(.data)
    .data                                    0x20000014   Section       20  stm32f10x_rcc.o(.data)
    APBAHBPrescTable                         0x20000014   Data          16  stm32f10x_rcc.o(.data)
    ADCPrescTable                            0x20000024   Data           4  stm32f10x_rcc.o(.data)
    .data                                    0x20000028   Section        4  encoder.o(.data)
    .data                                    0x2000002c   Section       10  rtc.o(.data)
    daycnt                                   0x2000002c   Data           2  rtc.o(.data)
    .data                                    0x20000038   Section        8  usart.o(.data)
    .data                                    0x20000040   Section        4  adc.o(.data)
    .bss                                     0x20000044   Section      200  usart.o(.bss)
    .bss                                     0x2000010c   Section       96  libspace.o(.bss)
    HEAP                                     0x20000170   Section      512  startup_stm32f10x_md.o(HEAP)
    Heap_Mem                                 0x20000170   Data         512  startup_stm32f10x_md.o(HEAP)
    STACK                                    0x20000370   Section     1024  startup_stm32f10x_md.o(STACK)
    Stack_Mem                                0x20000370   Data        1024  startup_stm32f10x_md.o(STACK)
    __initial_sp                             0x20000770   Data           0  startup_stm32f10x_md.o(STACK)

    Global Symbols

    Symbol Name                              Value     Ov Type        Size  Object(Section)

    BuildAttributes$$THM_ISAv4$P$D$K$B$S$PE$A:L22UL41UL21$X:L11$S22US41US21$IEEE1$IW$USESV6$~STKCKD$USESV7$~SHL$OTIME$ROPI$IEEEJ$EBA8$UX$STANDARDLIB$REQ8$PRES8$EABIv2 0x00000000   Number         0  anon$$obj.o ABSOLUTE
    __ARM_use_no_argv                        0x00000000   Number         0  main.o ABSOLUTE
    _printf_flags                            0x00000000   Number         0  printf_stubs.o ABSOLUTE
    _printf_return_value                     0x00000000   Number         0  printf_stubs.o ABSOLUTE
    _printf_sizespec                         0x00000000   Number         0  printf_stubs.o ABSOLUTE
    _printf_widthprec                        0x00000000   Number         0  printf_stubs.o ABSOLUTE
    __ARM_exceptions_init                     - Undefined Weak Reference
    __alloca_initialize                       - Undefined Weak Reference
    __cpp_initialize__aeabi_                  - Undefined Weak Reference
    __cxa_finalize                            - Undefined Weak Reference
    __sigvec_lookup                           - Undefined Weak Reference
    _atexit_init                              - Undefined Weak Reference
    _call_atexit_fns                          - Undefined Weak Reference
    _clock_init                               - Undefined Weak Reference
    _fp_trap_init                             - Undefined Weak Reference
    _fp_trap_shutdown                         - Undefined Weak Reference
    _get_lc_collate                           - Undefined Weak Reference
    _get_lc_monetary                          - Undefined Weak Reference
    _get_lc_time                              - Undefined Weak Reference
    _getenv_init                              - Undefined Weak Reference
    _handle_redirection                       - Undefined Weak Reference
    _init_alloc                               - Undefined Weak Reference
    _init_user_alloc                          - Undefined Weak Reference
    _initio                                   - Undefined Weak Reference
    _mutex_acquire                            - Undefined Weak Reference
    _mutex_release                            - Undefined Weak Reference
    _printf_fp_hex                            - Undefined Weak Reference
    _printf_mbtowc                            - Undefined Weak Reference
    _printf_wc                                - Undefined Weak Reference
    _rand_init                                - Undefined Weak Reference
    _signal_finish                            - Undefined Weak Reference
    _signal_init                              - Undefined Weak Reference
    _terminate_alloc                          - Undefined Weak Reference
    _terminate_user_alloc                     - Undefined Weak Reference
    _terminateio                              - Undefined Weak Reference
    __Vectors_Size                           0x000000ec   Number         0  startup_stm32f10x_md.o ABSOLUTE
    __Vectors                                0x08000000   Data           4  startup_stm32f10x_md.o(RESET)
    __Vectors_End                            0x080000ec   Data           0  startup_stm32f10x_md.o(RESET)
    __main                                   0x080000ed   Thumb Code     8  __main.o(!!!main)
    __scatterload                            0x080000f5   Thumb Code     0  __scatter.o(!!!scatter)
    __scatterload_rt2                        0x080000f5   Thumb Code    44  __scatter.o(!!!scatter)
    __scatterload_rt2_thumb_only             0x080000f5   Thumb Code     0  __scatter.o(!!!scatter)
    __scatterload_null                       0x08000103   Thumb Code     0  __scatter.o(!!!scatter)
    __scatterload_copy                       0x08000129   Thumb Code    26  __scatter_copy.o(!!handler_copy)
    __scatterload_zeroinit                   0x08000145   Thumb Code    28  __scatter_zi.o(!!handler_zi)
    _printf_n                                0x08000161   Thumb Code     0  _printf_n.o(.ARM.Collect$$_printf_percent$$00000001)
    _printf_percent                          0x08000161   Thumb Code     0  _printf_percent.o(.ARM.Collect$$_printf_percent$$00000000)
    _printf_p                                0x08000167   Thumb Code     0  _printf_p.o(.ARM.Collect$$_printf_percent$$00000002)
    _printf_f                                0x0800016d   Thumb Code     0  _printf_f.o(.ARM.Collect$$_printf_percent$$00000003)
    _printf_e                                0x08000173   Thumb Code     0  _printf_e.o(.ARM.Collect$$_printf_percent$$00000004)
    _printf_g                                0x08000179   Thumb Code     0  _printf_g.o(.ARM.Collect$$_printf_percent$$00000005)
    _printf_a                                0x0800017f   Thumb Code     0  _printf_a.o(.ARM.Collect$$_printf_percent$$00000006)
    _printf_ll                               0x08000185   Thumb Code     0  _printf_ll.o(.ARM.Collect$$_printf_percent$$00000007)
    _printf_i                                0x0800018f   Thumb Code     0  _printf_i.o(.ARM.Collect$$_printf_percent$$00000008)
    _printf_d                                0x08000195   Thumb Code     0  _printf_d.o(.ARM.Collect$$_printf_percent$$00000009)
    _printf_u                                0x0800019b   Thumb Code     0  _printf_u.o(.ARM.Collect$$_printf_percent$$0000000A)
    _printf_o                                0x080001a1   Thumb Code     0  _printf_o.o(.ARM.Collect$$_printf_percent$$0000000B)
    _printf_x                                0x080001a7   Thumb Code     0  _printf_x.o(.ARM.Collect$$_printf_percent$$0000000C)
    _printf_lli                              0x080001ad   Thumb Code     0  _printf_lli.o(.ARM.Collect$$_printf_percent$$0000000D)
    _printf_lld                              0x080001b3   Thumb Code     0  _printf_lld.o(.ARM.Collect$$_printf_percent$$0000000E)
    _printf_llu                              0x080001b9   Thumb Code     0  _printf_llu.o(.ARM.Collect$$_printf_percent$$0000000F)
    _printf_llo                              0x080001bf   Thumb Code     0  _printf_llo.o(.ARM.Collect$$_printf_percent$$00000010)
    _printf_llx                              0x080001c5   Thumb Code     0  _printf_llx.o(.ARM.Collect$$_printf_percent$$00000011)
    _printf_l                                0x080001cb   Thumb Code     0  _printf_l.o(.ARM.Collect$$_printf_percent$$00000012)
    _printf_c                                0x080001d5   Thumb Code     0  _printf_c.o(.ARM.Collect$$_printf_percent$$00000013)
    _printf_s                                0x080001db   Thumb Code     0  _printf_s.o(.ARM.Collect$$_printf_percent$$00000014)
    _printf_lc                               0x080001e1   Thumb Code     0  _printf_lc.o(.ARM.Collect$$_printf_percent$$00000015)
    _printf_ls                               0x080001e7   Thumb Code     0  _printf_ls.o(.ARM.Collect$$_printf_percent$$00000016)
    _printf_percent_end                      0x080001ed   Thumb Code     0  _printf_percent_end.o(.ARM.Collect$$_printf_percent$$00000017)
    __rt_lib_init                            0x080001f1   Thumb Code     0  libinit.o(.ARM.Collect$$libinit$$00000000)
    __rt_lib_init_heap_1                     0x080001f7   Thumb Code     0  libinit2.o(.ARM.Collect$$libinit$$00000006)
    __rt_lib_init_lc_common                  0x080001f7   Thumb Code     0  libinit2.o(.ARM.Collect$$libinit$$0000000B)
    __rt_lib_init_rand_1                     0x080001f7   Thumb Code     0  libinit2.o(.ARM.Collect$$libinit$$0000000A)
    __rt_lib_init_user_alloc_1               0x080001f7   Thumb Code     0  libinit2.o(.ARM.Collect$$libinit$$00000008)
    __rt_lib_init_lc_collate_1               0x080001fd   Thumb Code     0  libinit2.o(.ARM.Collect$$libinit$$0000000D)
    __rt_lib_init_lc_ctype_2                 0x080001fd   Thumb Code     0  libinit2.o(.ARM.Collect$$libinit$$0000000E)
    __rt_lib_init_lc_ctype_1                 0x08000209   Thumb Code     0  libinit2.o(.ARM.Collect$$libinit$$0000000F)
    __rt_lib_init_lc_monetary_1              0x08000209   Thumb Code     0  libinit2.o(.ARM.Collect$$libinit$$00000011)
    __rt_lib_init_lc_numeric_2               0x08000209   Thumb Code     0  libinit2.o(.ARM.Collect$$libinit$$00000012)
    __rt_lib_init_alloca_1                   0x08000213   Thumb Code     0  libinit2.o(.ARM.Collect$$libinit$$0000002A)
    __rt_lib_init_argv_1                     0x08000213   Thumb Code     0  libinit2.o(.ARM.Collect$$libinit$$00000028)
    __rt_lib_init_atexit_1                   0x08000213   Thumb Code     0  libinit2.o(.ARM.Collect$$libinit$$00000017)
    __rt_lib_init_clock_1                    0x08000213   Thumb Code     0  libinit2.o(.ARM.Collect$$libinit$$0000001D)
    __rt_lib_init_cpp_1                      0x08000213   Thumb Code     0  libinit2.o(.ARM.Collect$$libinit$$0000002E)
    __rt_lib_init_exceptions_1               0x08000213   Thumb Code     0  libinit2.o(.ARM.Collect$$libinit$$0000002C)
    __rt_lib_init_fp_trap_1                  0x08000213   Thumb Code     0  libinit2.o(.ARM.Collect$$libinit$$0000001B)
    __rt_lib_init_getenv_1                   0x08000213   Thumb Code     0  libinit2.o(.ARM.Collect$$libinit$$0000001F)
    __rt_lib_init_lc_numeric_1               0x08000213   Thumb Code     0  libinit2.o(.ARM.Collect$$libinit$$00000013)
    __rt_lib_init_lc_time_1                  0x08000213   Thumb Code     0  libinit2.o(.ARM.Collect$$libinit$$00000015)
    __rt_lib_init_return                     0x08000213   Thumb Code     0  libinit2.o(.ARM.Collect$$libinit$$0000002F)
    __rt_lib_init_signal_1                   0x08000213   Thumb Code     0  libinit2.o(.ARM.Collect$$libinit$$00000019)
    __rt_lib_init_stdio_1                    0x08000213   Thumb Code     0  libinit2.o(.ARM.Collect$$libinit$$00000021)
    __rt_lib_shutdown                        0x08000215   Thumb Code     0  libshutdown.o(.ARM.Collect$$libshutdown$$00000000)
    __rt_lib_shutdown_fp_trap_1              0x08000217   Thumb Code     0  libshutdown2.o(.ARM.Collect$$libshutdown$$00000006)
    __rt_lib_shutdown_heap_1                 0x08000217   Thumb Code     0  libshutdown2.o(.ARM.Collect$$libshutdown$$0000000E)
    __rt_lib_shutdown_return                 0x08000217   Thumb Code     0  libshutdown2.o(.ARM.Collect$$libshutdown$$0000000F)
    __rt_lib_shutdown_signal_1               0x08000217   Thumb Code     0  libshutdown2.o(.ARM.Collect$$libshutdown$$00000009)
    __rt_lib_shutdown_stdio_1                0x08000217   Thumb Code     0  libshutdown2.o(.ARM.Collect$$libshutdown$$00000003)
    __rt_lib_shutdown_user_alloc_1           0x08000217   Thumb Code     0  libshutdown2.o(.ARM.Collect$$libshutdown$$0000000B)
    __rt_entry                               0x08000219   Thumb Code     0  rtentry.o(.ARM.Collect$$rtentry$$00000000)
    __rt_entry_presh_1                       0x08000219   Thumb Code     0  rtentry2.o(.ARM.Collect$$rtentry$$00000002)
    __rt_entry_sh                            0x08000219   Thumb Code     0  rtentry4.o(.ARM.Collect$$rtentry$$00000004)
    __rt_entry_li                            0x0800021f   Thumb Code     0  rtentry2.o(.ARM.Collect$$rtentry$$0000000A)
    __rt_entry_postsh_1                      0x0800021f   Thumb Code     0  rtentry2.o(.ARM.Collect$$rtentry$$00000009)
    __rt_entry_main                          0x08000223   Thumb Code     0  rtentry2.o(.ARM.Collect$$rtentry$$0000000D)
    __rt_entry_postli_1                      0x08000223   Thumb Code     0  rtentry2.o(.ARM.Collect$$rtentry$$0000000C)
    __rt_exit                                0x0800022b   Thumb Code     0  rtexit.o(.ARM.Collect$$rtexit$$00000000)
    __rt_exit_ls                             0x0800022d   Thumb Code     0  rtexit2.o(.ARM.Collect$$rtexit$$00000003)
    __rt_exit_prels_1                        0x0800022d   Thumb Code     0  rtexit2.o(.ARM.Collect$$rtexit$$00000002)
    __rt_exit_exit                           0x08000231   Thumb Code     0  rtexit2.o(.ARM.Collect$$rtexit$$00000004)
    SystemInit                               0x08000301   Thumb Code    78  system_stm32f10x.o(.text)
    SystemCoreClockUpdate                    0x0800034f   Thumb Code   142  system_stm32f10x.o(.text)
    NVIC_PriorityGroupConfig                 0x08000401   Thumb Code    10  misc.o(.text)
    NVIC_Init                                0x0800040b   Thumb Code   118  misc.o(.text)
    NVIC_SetVectorTable                      0x08000481   Thumb Code    12  misc.o(.text)
    NVIC_SystemLPConfig                      0x0800048d   Thumb Code    38  misc.o(.text)
    SysTick_CLKSourceConfig                  0x080004b3   Thumb Code    40  misc.o(.text)
    ADC_DeInit                               0x080004f9   Thumb Code    78  stm32f10x_adc.o(.text)
    ADC_Init                                 0x08000547   Thumb Code    70  stm32f10x_adc.o(.text)
    ADC_StructInit                           0x0800058d   Thumb Code    18  stm32f10x_adc.o(.text)
    ADC_Cmd                                  0x0800059f   Thumb Code    22  stm32f10x_adc.o(.text)
    ADC_DMACmd                               0x080005b5   Thumb Code    22  stm32f10x_adc.o(.text)
    ADC_ITConfig                             0x080005cb   Thumb Code    24  stm32f10x_adc.o(.text)
    ADC_ResetCalibration                     0x080005e3   Thumb Code    10  stm32f10x_adc.o(.text)
    ADC_GetResetCalibrationStatus            0x080005ed   Thumb Code    20  stm32f10x_adc.o(.text)
    ADC_StartCalibration                     0x08000601   Thumb Code    10  stm32f10x_adc.o(.text)
    ADC_GetCalibrationStatus                 0x0800060b   Thumb Code    20  stm32f10x_adc.o(.text)
    ADC_SoftwareStartConvCmd                 0x0800061f   Thumb Code    22  stm32f10x_adc.o(.text)
    ADC_GetSoftwareStartConvStatus           0x08000635   Thumb Code    20  stm32f10x_adc.o(.text)
    ADC_DiscModeChannelCountConfig           0x08000649   Thumb Code    24  stm32f10x_adc.o(.text)
    ADC_DiscModeCmd                          0x08000661   Thumb Code    22  stm32f10x_adc.o(.text)
    ADC_RegularChannelConfig                 0x08000677   Thumb Code   184  stm32f10x_adc.o(.text)
    ADC_ExternalTrigConvCmd                  0x0800072f   Thumb Code    22  stm32f10x_adc.o(.text)
    ADC_GetConversionValue                   0x08000745   Thumb Code     8  stm32f10x_adc.o(.text)
    ADC_GetDualModeConversionValue           0x0800074d   Thumb Code     6  stm32f10x_adc.o(.text)
    ADC_AutoInjectedConvCmd                  0x08000753   Thumb Code    22  stm32f10x_adc.o(.text)
    ADC_InjectedDiscModeCmd                  0x08000769   Thumb Code    22  stm32f10x_adc.o(.text)
    ADC_ExternalTrigInjectedConvConfig       0x0800077f   Thumb Code    16  stm32f10x_adc.o(.text)
    ADC_ExternalTrigInjectedConvCmd          0x0800078f   Thumb Code    22  stm32f10x_adc.o(.text)
    ADC_SoftwareStartInjectedConvCmd         0x080007a5   Thumb Code    22  stm32f10x_adc.o(.text)
    ADC_GetSoftwareStartInjectedConvCmdStatus 0x080007bb   Thumb Code    20  stm32f10x_adc.o(.text)
    ADC_InjectedChannelConfig                0x080007cf   Thumb Code   130  stm32f10x_adc.o(.text)
    ADC_InjectedSequencerLengthConfig        0x08000851   Thumb Code    24  stm32f10x_adc.o(.text)
    ADC_SetInjectedOffset                    0x08000869   Thumb Code    12  stm32f10x_adc.o(.text)
    ADC_GetInjectedConversionValue           0x08000875   Thumb Code    18  stm32f10x_adc.o(.text)
    ADC_AnalogWatchdogCmd                    0x08000887   Thumb Code    16  stm32f10x_adc.o(.text)
    ADC_AnalogWatchdogThresholdsConfig       0x08000897   Thumb Code     6  stm32f10x_adc.o(.text)
    ADC_AnalogWatchdogSingleChannelConfig    0x0800089d   Thumb Code    16  stm32f10x_adc.o(.text)
    ADC_TempSensorVrefintCmd                 0x080008ad   Thumb Code    34  stm32f10x_adc.o(.text)
    ADC_GetFlagStatus                        0x080008cf   Thumb Code    54  stm32f10x_adc.o(.text)
    ADC_ClearFlag                            0x08000905   Thumb Code     6  stm32f10x_adc.o(.text)
    ADC_GetITStatus                          0x0800090b   Thumb Code    36  stm32f10x_adc.o(.text)
    ADC_ClearITPendingBit                    0x0800092f   Thumb Code    10  stm32f10x_adc.o(.text)
    BKP_DeInit                               0x08000939   Thumb Code    16  stm32f10x_bkp.o(.text)
    BKP_TamperPinLevelConfig                 0x08000949   Thumb Code     6  stm32f10x_bkp.o(.text)
    BKP_TamperPinCmd                         0x0800094f   Thumb Code     6  stm32f10x_bkp.o(.text)
    BKP_ITConfig                             0x08000955   Thumb Code     6  stm32f10x_bkp.o(.text)
    BKP_RTCOutputConfig                      0x0800095b   Thumb Code    28  stm32f10x_bkp.o(.text)
    BKP_SetRTCCalibrationValue               0x08000977   Thumb Code    28  stm32f10x_bkp.o(.text)
    BKP_WriteBackupRegister                  0x08000993   Thumb Code    12  stm32f10x_bkp.o(.text)
    BKP_ReadBackupRegister                   0x0800099f   Thumb Code    14  stm32f10x_bkp.o(.text)
    BKP_GetFlagStatus                        0x080009ad   Thumb Code     8  stm32f10x_bkp.o(.text)
    BKP_ClearFlag                            0x080009b5   Thumb Code    16  stm32f10x_bkp.o(.text)
    BKP_GetITStatus                          0x080009c5   Thumb Code     8  stm32f10x_bkp.o(.text)
    BKP_ClearITPendingBit                    0x080009cd   Thumb Code    16  stm32f10x_bkp.o(.text)
    DMA_DeInit                               0x080009fd   Thumb Code   320  stm32f10x_dma.o(.text)
    DMA_Init                                 0x08000b3d   Thumb Code    60  stm32f10x_dma.o(.text)
    DMA_StructInit                           0x08000b79   Thumb Code    26  stm32f10x_dma.o(.text)
    DMA_Cmd                                  0x08000b93   Thumb Code    24  stm32f10x_dma.o(.text)
    DMA_ITConfig                             0x08000bab   Thumb Code    18  stm32f10x_dma.o(.text)
    DMA_SetCurrDataCounter                   0x08000bbd   Thumb Code     4  stm32f10x_dma.o(.text)
    DMA_GetCurrDataCounter                   0x08000bc1   Thumb Code     8  stm32f10x_dma.o(.text)
    DMA_GetFlagStatus                        0x08000bc9   Thumb Code    34  stm32f10x_dma.o(.text)
    DMA_ClearFlag                            0x08000beb   Thumb Code    18  stm32f10x_dma.o(.text)
    DMA_GetITStatus                          0x08000bfd   Thumb Code    34  stm32f10x_dma.o(.text)
    DMA_ClearITPendingBit                    0x08000c1f   Thumb Code    18  stm32f10x_dma.o(.text)
    FLASH_SetLatency                         0x08000c45   Thumb Code    18  stm32f10x_flash.o(.text)
    FLASH_HalfCycleAccessCmd                 0x08000c57   Thumb Code    22  stm32f10x_flash.o(.text)
    FLASH_PrefetchBufferCmd                  0x08000c6d   Thumb Code    22  stm32f10x_flash.o(.text)
    FLASH_Unlock                             0x08000c83   Thumb Code    12  stm32f10x_flash.o(.text)
    FLASH_UnlockBank1                        0x08000c8f   Thumb Code    12  stm32f10x_flash.o(.text)
    FLASH_Lock                               0x08000c9b   Thumb Code    14  stm32f10x_flash.o(.text)
    FLASH_LockBank1                          0x08000ca9   Thumb Code    14  stm32f10x_flash.o(.text)
    FLASH_GetBank1Status                     0x08000cb7   Thumb Code    50  stm32f10x_flash.o(.text)
    FLASH_WaitForLastOperation               0x08000ce9   Thumb Code    38  stm32f10x_flash.o(.text)
    FLASH_ErasePage                          0x08000d0f   Thumb Code    72  stm32f10x_flash.o(.text)
    FLASH_EraseAllPages                      0x08000d57   Thumb Code    68  stm32f10x_flash.o(.text)
    FLASH_WaitForLastBank1Operation          0x08000d9b   Thumb Code    38  stm32f10x_flash.o(.text)
    FLASH_EraseAllBank1Pages                 0x08000dc1   Thumb Code    68  stm32f10x_flash.o(.text)
    FLASH_GetReadOutProtectionStatus         0x08000e05   Thumb Code    20  stm32f10x_flash.o(.text)
    FLASH_EraseOptionBytes                   0x08000e19   Thumb Code   152  stm32f10x_flash.o(.text)
    FLASH_ProgramWord                        0x08000eb1   Thumb Code    96  stm32f10x_flash.o(.text)
    FLASH_ProgramHalfWord                    0x08000f11   Thumb Code    60  stm32f10x_flash.o(.text)
    FLASH_ProgramOptionByteData              0x08000f4d   Thumb Code    72  stm32f10x_flash.o(.text)
    FLASH_EnableWriteProtection              0x08000f95   Thumb Code   208  stm32f10x_flash.o(.text)
    FLASH_ReadOutProtection                  0x08001065   Thumb Code   156  stm32f10x_flash.o(.text)
    FLASH_UserOptionByteConfig               0x08001101   Thumb Code    88  stm32f10x_flash.o(.text)
    FLASH_GetUserOptionByte                  0x08001159   Thumb Code     8  stm32f10x_flash.o(.text)
    FLASH_GetWriteProtectionOptionByte       0x08001161   Thumb Code     6  stm32f10x_flash.o(.text)
    FLASH_GetPrefetchBufferStatus            0x08001167   Thumb Code    20  stm32f10x_flash.o(.text)
    FLASH_ITConfig                           0x0800117b   Thumb Code    26  stm32f10x_flash.o(.text)
    FLASH_GetFlagStatus                      0x08001195   Thumb Code    42  stm32f10x_flash.o(.text)
    FLASH_ClearFlag                          0x080011bf   Thumb Code     6  stm32f10x_flash.o(.text)
    FLASH_GetStatus                          0x080011c5   Thumb Code    50  stm32f10x_flash.o(.text)
    GPIO_DeInit                              0x0800120d   Thumb Code   172  stm32f10x_gpio.o(.text)
    GPIO_AFIODeInit                          0x080012b9   Thumb Code    20  stm32f10x_gpio.o(.text)
    GPIO_Init                                0x080012cd   Thumb Code   274  stm32f10x_gpio.o(.text)
    GPIO_StructInit                          0x080013df   Thumb Code    16  stm32f10x_gpio.o(.text)
    GPIO_ReadInputDataBit                    0x080013ef   Thumb Code    18  stm32f10x_gpio.o(.text)
    GPIO_ReadInputData                       0x08001401   Thumb Code     8  stm32f10x_gpio.o(.text)
    GPIO_ReadOutputDataBit                   0x08001409   Thumb Code    18  stm32f10x_gpio.o(.text)
    GPIO_ReadOutputData                      0x0800141b   Thumb Code     8  stm32f10x_gpio.o(.text)
    GPIO_SetBits                             0x08001423   Thumb Code     4  stm32f10x_gpio.o(.text)
    GPIO_ResetBits                           0x08001427   Thumb Code     4  stm32f10x_gpio.o(.text)
    GPIO_WriteBit                            0x0800142b   Thumb Code    10  stm32f10x_gpio.o(.text)
    GPIO_Write                               0x08001435   Thumb Code     4  stm32f10x_gpio.o(.text)
    GPIO_PinLockConfig                       0x08001439   Thumb Code    18  stm32f10x_gpio.o(.text)
    GPIO_EventOutputConfig                   0x0800144b   Thumb Code    26  stm32f10x_gpio.o(.text)
    GPIO_EventOutputCmd                      0x08001465   Thumb Code     6  stm32f10x_gpio.o(.text)
    GPIO_PinRemapConfig                      0x0800146b   Thumb Code   138  stm32f10x_gpio.o(.text)
    GPIO_EXTILineConfig                      0x080014f5   Thumb Code    66  stm32f10x_gpio.o(.text)
    GPIO_ETH_MediaInterfaceConfig            0x08001537   Thumb Code     6  stm32f10x_gpio.o(.text)
    I2C_DeInit                               0x08001565   Thumb Code    50  stm32f10x_i2c.o(.text)
    I2C_Init                                 0x08001597   Thumb Code   222  stm32f10x_i2c.o(.text)
    I2C_StructInit                           0x08001675   Thumb Code    30  stm32f10x_i2c.o(.text)
    I2C_Cmd                                  0x08001693   Thumb Code    24  stm32f10x_i2c.o(.text)
    I2C_DMACmd                               0x080016ab   Thumb Code    24  stm32f10x_i2c.o(.text)
    I2C_DMALastTransferCmd                   0x080016c3   Thumb Code    24  stm32f10x_i2c.o(.text)
    I2C_GenerateSTART                        0x080016db   Thumb Code    24  stm32f10x_i2c.o(.text)
    I2C_GenerateSTOP                         0x080016f3   Thumb Code    24  stm32f10x_i2c.o(.text)
    I2C_AcknowledgeConfig                    0x0800170b   Thumb Code    24  stm32f10x_i2c.o(.text)
    I2C_OwnAddress2Config                    0x08001723   Thumb Code    22  stm32f10x_i2c.o(.text)
    I2C_DualAddressCmd                       0x08001739   Thumb Code    24  stm32f10x_i2c.o(.text)
    I2C_GeneralCallCmd                       0x08001751   Thumb Code    24  stm32f10x_i2c.o(.text)
    I2C_ITConfig                             0x08001769   Thumb Code    24  stm32f10x_i2c.o(.text)
    I2C_SendData                             0x08001781   Thumb Code     4  stm32f10x_i2c.o(.text)
    I2C_ReceiveData                          0x08001785   Thumb Code     8  stm32f10x_i2c.o(.text)
    I2C_Send7bitAddress                      0x0800178d   Thumb Code    18  stm32f10x_i2c.o(.text)
    I2C_ReadRegister                         0x0800179f   Thumb Code    12  stm32f10x_i2c.o(.text)
    I2C_SoftwareResetCmd                     0x080017ab   Thumb Code    22  stm32f10x_i2c.o(.text)
    I2C_NACKPositionConfig                   0x080017c1   Thumb Code    28  stm32f10x_i2c.o(.text)
    I2C_SMBusAlertConfig                     0x080017dd   Thumb Code    28  stm32f10x_i2c.o(.text)
    I2C_TransmitPEC                          0x080017f9   Thumb Code    24  stm32f10x_i2c.o(.text)
    I2C_PECPositionConfig                    0x08001811   Thumb Code    28  stm32f10x_i2c.o(.text)
    I2C_CalculatePEC                         0x0800182d   Thumb Code    24  stm32f10x_i2c.o(.text)
    I2C_GetPEC                               0x08001845   Thumb Code     8  stm32f10x_i2c.o(.text)
    I2C_ARPCmd                               0x0800184d   Thumb Code    24  stm32f10x_i2c.o(.text)
    I2C_StretchClockCmd                      0x08001865   Thumb Code    24  stm32f10x_i2c.o(.text)
    I2C_FastModeDutyCycleConfig              0x0800187d   Thumb Code    28  stm32f10x_i2c.o(.text)
    I2C_CheckEvent                           0x08001899   Thumb Code    42  stm32f10x_i2c.o(.text)
    I2C_GetLastEvent                         0x080018c3   Thumb Code    26  stm32f10x_i2c.o(.text)
    I2C_GetFlagStatus                        0x080018dd   Thumb Code    42  stm32f10x_i2c.o(.text)
    I2C_ClearFlag                            0x08001907   Thumb Code    12  stm32f10x_i2c.o(.text)
    I2C_GetITStatus                          0x08001913   Thumb Code    38  stm32f10x_i2c.o(.text)
    I2C_ClearITPendingBit                    0x08001939   Thumb Code    12  stm32f10x_i2c.o(.text)
    PWR_DeInit                               0x08001955   Thumb Code    22  stm32f10x_pwr.o(.text)
    PWR_BackupAccessCmd                      0x0800196b   Thumb Code     6  stm32f10x_pwr.o(.text)
    PWR_PVDCmd                               0x08001971   Thumb Code     6  stm32f10x_pwr.o(.text)
    PWR_PVDLevelConfig                       0x08001977   Thumb Code    18  stm32f10x_pwr.o(.text)
    PWR_WakeUpPinCmd                         0x08001989   Thumb Code     6  stm32f10x_pwr.o(.text)
    PWR_EnterSTOPMode                        0x0800198f   Thumb Code    62  stm32f10x_pwr.o(.text)
    PWR_EnterSTANDBYMode                     0x080019cd   Thumb Code    46  stm32f10x_pwr.o(.text)
    PWR_GetFlagStatus                        0x080019fb   Thumb Code    20  stm32f10x_pwr.o(.text)
    PWR_ClearFlag                            0x08001a0f   Thumb Code    14  stm32f10x_pwr.o(.text)
    RCC_DeInit                               0x08001a2d   Thumb Code    64  stm32f10x_rcc.o(.text)
    RCC_HSEConfig                            0x08001a6d   Thumb Code    70  stm32f10x_rcc.o(.text)
    RCC_GetFlagStatus                        0x08001ab3   Thumb Code    56  stm32f10x_rcc.o(.text)
    RCC_WaitForHSEStartUp                    0x08001aeb   Thumb Code    48  stm32f10x_rcc.o(.text)
    RCC_AdjustHSICalibrationValue            0x08001b1b   Thumb Code    20  stm32f10x_rcc.o(.text)
    RCC_HSICmd                               0x08001b2f   Thumb Code     6  stm32f10x_rcc.o(.text)
    RCC_PLLConfig                            0x08001b35   Thumb Code    24  stm32f10x_rcc.o(.text)
    RCC_PLLCmd                               0x08001b4d   Thumb Code     6  stm32f10x_rcc.o(.text)
    RCC_SYSCLKConfig                         0x08001b53   Thumb Code    18  stm32f10x_rcc.o(.text)
    RCC_GetSYSCLKSource                      0x08001b65   Thumb Code    10  stm32f10x_rcc.o(.text)
    RCC_HCLKConfig                           0x08001b6f   Thumb Code    18  stm32f10x_rcc.o(.text)
    RCC_PCLK1Config                          0x08001b81   Thumb Code    18  stm32f10x_rcc.o(.text)
    RCC_PCLK2Config                          0x08001b93   Thumb Code    20  stm32f10x_rcc.o(.text)
    RCC_ITConfig                             0x08001ba7   Thumb Code    30  stm32f10x_rcc.o(.text)
    RCC_USBCLKConfig                         0x08001bc5   Thumb Code     6  stm32f10x_rcc.o(.text)
    RCC_ADCCLKConfig                         0x08001bcb   Thumb Code    18  stm32f10x_rcc.o(.text)
    RCC_LSEConfig                            0x08001bdd   Thumb Code    44  stm32f10x_rcc.o(.text)
    RCC_LSICmd                               0x08001c09   Thumb Code     6  stm32f10x_rcc.o(.text)
    RCC_RTCCLKConfig                         0x08001c0f   Thumb Code    12  stm32f10x_rcc.o(.text)
    RCC_RTCCLKCmd                            0x08001c1b   Thumb Code     6  stm32f10x_rcc.o(.text)
    RCC_GetClocksFreq                        0x08001c21   Thumb Code   192  stm32f10x_rcc.o(.text)
    RCC_AHBPeriphClockCmd                    0x08001ce1   Thumb Code    26  stm32f10x_rcc.o(.text)
    RCC_APB2PeriphClockCmd                   0x08001cfb   Thumb Code    26  stm32f10x_rcc.o(.text)
    RCC_APB1PeriphClockCmd                   0x08001d15   Thumb Code    26  stm32f10x_rcc.o(.text)
    RCC_APB2PeriphResetCmd                   0x08001d2f   Thumb Code    26  stm32f10x_rcc.o(.text)
    RCC_APB1PeriphResetCmd                   0x08001d49   Thumb Code    26  stm32f10x_rcc.o(.text)
    RCC_BackupResetCmd                       0x08001d63   Thumb Code     6  stm32f10x_rcc.o(.text)
    RCC_ClockSecuritySystemCmd               0x08001d69   Thumb Code     6  stm32f10x_rcc.o(.text)
    RCC_MCOConfig                            0x08001d6f   Thumb Code     6  stm32f10x_rcc.o(.text)
    RCC_ClearFlag                            0x08001d75   Thumb Code    14  stm32f10x_rcc.o(.text)
    RCC_GetITStatus                          0x08001d83   Thumb Code    20  stm32f10x_rcc.o(.text)
    RCC_ClearITPendingBit                    0x08001d97   Thumb Code     6  stm32f10x_rcc.o(.text)
    RTC_ITConfig                             0x08001dd1   Thumb Code    40  stm32f10x_rtc.o(.text)
    RTC_EnterConfigMode                      0x08001df9   Thumb Code    16  stm32f10x_rtc.o(.text)
    RTC_ExitConfigMode                       0x08001e09   Thumb Code    20  stm32f10x_rtc.o(.text)
    RTC_GetCounter                           0x08001e1d   Thumb Code    18  stm32f10x_rtc.o(.text)
    RTC_SetCounter                           0x08001e2f   Thumb Code    26  stm32f10x_rtc.o(.text)
    RTC_SetPrescaler                         0x08001e49   Thumb Code    28  stm32f10x_rtc.o(.text)
    RTC_SetAlarm                             0x08001e65   Thumb Code    26  stm32f10x_rtc.o(.text)
    RTC_GetDivider                           0x08001e7f   Thumb Code    26  stm32f10x_rtc.o(.text)
    RTC_WaitForLastTask                      0x08001e99   Thumb Code    14  stm32f10x_rtc.o(.text)
    RTC_WaitForSynchro                       0x08001ea7   Thumb Code    32  stm32f10x_rtc.o(.text)
    RTC_GetFlagStatus                        0x08001ec7   Thumb Code    20  stm32f10x_rtc.o(.text)
    RTC_ClearFlag                            0x08001edb   Thumb Code    22  stm32f10x_rtc.o(.text)
    RTC_GetITStatus                          0x08001ef1   Thumb Code    34  stm32f10x_rtc.o(.text)
    RTC_ClearITPendingBit                    0x08001f13   Thumb Code    22  stm32f10x_rtc.o(.text)
    USART_DeInit                             0x08001f49   Thumb Code   134  stm32f10x_usart.o(.text)
    USART_Init                               0x08001fcf   Thumb Code   210  stm32f10x_usart.o(.text)
    USART_StructInit                         0x080020a1   Thumb Code    24  stm32f10x_usart.o(.text)
    USART_ClockInit                          0x080020b9   Thumb Code    34  stm32f10x_usart.o(.text)
    USART_ClockStructInit                    0x080020db   Thumb Code    12  stm32f10x_usart.o(.text)
    USART_Cmd                                0x080020e7   Thumb Code    24  stm32f10x_usart.o(.text)
    USART_ITConfig                           0x080020ff   Thumb Code    74  stm32f10x_usart.o(.text)
    USART_DMACmd                             0x08002149   Thumb Code    24  stm32f10x_usart.o(.text)
    USART_SetAddress                         0x08002161   Thumb Code    18  stm32f10x_usart.o(.text)
    USART_WakeUpConfig                       0x08002173   Thumb Code    18  stm32f10x_usart.o(.text)
    USART_ReceiverWakeUpCmd                  0x08002185   Thumb Code    24  stm32f10x_usart.o(.text)
    USART_LINBreakDetectLengthConfig         0x0800219d   Thumb Code    18  stm32f10x_usart.o(.text)
    USART_LINCmd                             0x080021af   Thumb Code    24  stm32f10x_usart.o(.text)
    USART_SendData                           0x080021c7   Thumb Code     8  stm32f10x_usart.o(.text)
    USART_ReceiveData                        0x080021cf   Thumb Code    10  stm32f10x_usart.o(.text)
    USART_SendBreak                          0x080021d9   Thumb Code    10  stm32f10x_usart.o(.text)
    USART_SetGuardTime                       0x080021e3   Thumb Code    16  stm32f10x_usart.o(.text)
    USART_SetPrescaler                       0x080021f3   Thumb Code    16  stm32f10x_usart.o(.text)
    USART_SmartCardCmd                       0x08002203   Thumb Code    24  stm32f10x_usart.o(.text)
    USART_SmartCardNACKCmd                   0x0800221b   Thumb Code    24  stm32f10x_usart.o(.text)
    USART_HalfDuplexCmd                      0x08002233   Thumb Code    24  stm32f10x_usart.o(.text)
    USART_OverSampling8Cmd                   0x0800224b   Thumb Code    22  stm32f10x_usart.o(.text)
    USART_OneBitMethodCmd                    0x08002261   Thumb Code    24  stm32f10x_usart.o(.text)
    USART_IrDAConfig                         0x08002279   Thumb Code    18  stm32f10x_usart.o(.text)
    USART_IrDACmd                            0x0800228b   Thumb Code    24  stm32f10x_usart.o(.text)
    USART_GetFlagStatus                      0x080022a3   Thumb Code    26  stm32f10x_usart.o(.text)
    USART_ClearFlag                          0x080022bd   Thumb Code    18  stm32f10x_usart.o(.text)
    USART_GetITStatus                        0x080022cf   Thumb Code    84  stm32f10x_usart.o(.text)
    USART_ClearITPendingBit                  0x08002323   Thumb Code    50  stm32f10x_usart.o(.text)
    Reset_Handler                            0x08002355   Thumb Code     8  startup_stm32f10x_md.o(.text)
    ADC1_2_IRQHandler                        0x0800236f   Thumb Code     0  startup_stm32f10x_md.o(.text)
    CAN1_RX1_IRQHandler                      0x0800236f   Thumb Code     0  startup_stm32f10x_md.o(.text)
    CAN1_SCE_IRQHandler                      0x0800236f   Thumb Code     0  startup_stm32f10x_md.o(.text)
    DMA1_Channel1_IRQHandler                 0x0800236f   Thumb Code     0  startup_stm32f10x_md.o(.text)
    DMA1_Channel2_IRQHandler                 0x0800236f   Thumb Code     0  startup_stm32f10x_md.o(.text)
    DMA1_Channel3_IRQHandler                 0x0800236f   Thumb Code     0  startup_stm32f10x_md.o(.text)
    DMA1_Channel4_IRQHandler                 0x0800236f   Thumb Code     0  startup_stm32f10x_md.o(.text)
    DMA1_Channel5_IRQHandler                 0x0800236f   Thumb Code     0  startup_stm32f10x_md.o(.text)
    DMA1_Channel6_IRQHandler                 0x0800236f   Thumb Code     0  startup_stm32f10x_md.o(.text)
    DMA1_Channel7_IRQHandler                 0x0800236f   Thumb Code     0  startup_stm32f10x_md.o(.text)
    EXTI0_IRQHandler                         0x0800236f   Thumb Code     0  startup_stm32f10x_md.o(.text)
    EXTI15_10_IRQHandler                     0x0800236f   Thumb Code     0  startup_stm32f10x_md.o(.text)
    EXTI1_IRQHandler                         0x0800236f   Thumb Code     0  startup_stm32f10x_md.o(.text)
    EXTI2_IRQHandler                         0x0800236f   Thumb Code     0  startup_stm32f10x_md.o(.text)
    EXTI3_IRQHandler                         0x0800236f   Thumb Code     0  startup_stm32f10x_md.o(.text)
    EXTI4_IRQHandler                         0x0800236f   Thumb Code     0  startup_stm32f10x_md.o(.text)
    EXTI9_5_IRQHandler                       0x0800236f   Thumb Code     0  startup_stm32f10x_md.o(.text)
    FLASH_IRQHandler                         0x0800236f   Thumb Code     0  startup_stm32f10x_md.o(.text)
    I2C1_ER_IRQHandler                       0x0800236f   Thumb Code     0  startup_stm32f10x_md.o(.text)
    I2C1_EV_IRQHandler                       0x0800236f   Thumb Code     0  startup_stm32f10x_md.o(.text)
    I2C2_ER_IRQHandler                       0x0800236f   Thumb Code     0  startup_stm32f10x_md.o(.text)
    I2C2_EV_IRQHandler                       0x0800236f   Thumb Code     0  startup_stm32f10x_md.o(.text)
    PVD_IRQHandler                           0x0800236f   Thumb Code     0  startup_stm32f10x_md.o(.text)
    RCC_IRQHandler                           0x0800236f   Thumb Code     0  startup_stm32f10x_md.o(.text)
    SPI1_IRQHandler                          0x0800236f   Thumb Code     0  startup_stm32f10x_md.o(.text)
    SPI2_IRQHandler                          0x0800236f   Thumb Code     0  startup_stm32f10x_md.o(.text)
    TAMPER_IRQHandler                        0x0800236f   Thumb Code     0  startup_stm32f10x_md.o(.text)
    TIM1_BRK_IRQHandler                      0x0800236f   Thumb Code     0  startup_stm32f10x_md.o(.text)
    TIM1_CC_IRQHandler                       0x0800236f   Thumb Code     0  startup_stm32f10x_md.o(.text)
    TIM1_TRG_COM_IRQHandler                  0x0800236f   Thumb Code     0  startup_stm32f10x_md.o(.text)
    TIM1_UP_IRQHandler                       0x0800236f   Thumb Code     0  startup_stm32f10x_md.o(.text)
    TIM2_IRQHandler                          0x0800236f   Thumb Code     0  startup_stm32f10x_md.o(.text)
    TIM3_IRQHandler                          0x0800236f   Thumb Code     0  startup_stm32f10x_md.o(.text)
    TIM4_IRQHandler                          0x0800236f   Thumb Code     0  startup_stm32f10x_md.o(.text)
    USART2_IRQHandler                        0x0800236f   Thumb Code     0  startup_stm32f10x_md.o(.text)
    USART3_IRQHandler                        0x0800236f   Thumb Code     0  startup_stm32f10x_md.o(.text)
    USBWakeUp_IRQHandler                     0x0800236f   Thumb Code     0  startup_stm32f10x_md.o(.text)
    USB_HP_CAN1_TX_IRQHandler                0x0800236f   Thumb Code     0  startup_stm32f10x_md.o(.text)
    USB_LP_CAN1_RX0_IRQHandler               0x0800236f   Thumb Code     0  startup_stm32f10x_md.o(.text)
    WWDG_IRQHandler                          0x0800236f   Thumb Code     0  startup_stm32f10x_md.o(.text)
    __user_initial_stackheap                 0x08002371   Thumb Code     0  startup_stm32f10x_md.o(.text)
    main                                     0x08002395   Thumb Code   682  main.o(.text)
    NMI_Handler                              0x08002681   Thumb Code     2  stm32f10x_it.o(.text)
    HardFault_Handler                        0x08002683   Thumb Code     4  stm32f10x_it.o(.text)
    MemManage_Handler                        0x08002687   Thumb Code     4  stm32f10x_it.o(.text)
    BusFault_Handler                         0x0800268b   Thumb Code     4  stm32f10x_it.o(.text)
    UsageFault_Handler                       0x0800268f   Thumb Code     4  stm32f10x_it.o(.text)
    SVC_Handler                              0x08002693   Thumb Code     2  stm32f10x_it.o(.text)
    DebugMon_Handler                         0x08002695   Thumb Code     2  stm32f10x_it.o(.text)
    PendSV_Handler                           0x08002697   Thumb Code     2  stm32f10x_it.o(.text)
    SysTick_Handler                          0x08002699   Thumb Code     2  stm32f10x_it.o(.text)
    TOUCH_KEY_Init                           0x0800269d   Thumb Code    24  touch_key.o(.text)
    TM1640_start                             0x080026b9   Thumb Code    66  tm1640.o(.text)
    TM1640_stop                              0x080026fb   Thumb Code    48  tm1640.o(.text)
    TM1640_write                             0x0800272b   Thumb Code   146  tm1640.o(.text)
    TM1640_Init                              0x080027bd   Thumb Code    88  tm1640.o(.text)
    TM1640_led                               0x08002815   Thumb Code    26  tm1640.o(.text)
    TM1640_display                           0x0800282f   Thumb Code    48  tm1640.o(.text)
    TM1640_display_add                       0x0800285f   Thumb Code    60  tm1640.o(.text)
    ENCODER_Init                             0x080028b9   Thumb Code    52  encoder.o(.text)
    ENCODER_READ                             0x080028ed   Thumb Code   166  encoder.o(.text)
    LM75A_GetTemp                            0x080029a5   Thumb Code   176  lm75a.o(.text)
    LM75A_POWERDOWN                          0x08002a55   Thumb Code    14  lm75a.o(.text)
    OLED_DISPLAY_ON                          0x08002a65   Thumb Code    30  oled0561.o(.text)
    OLED_DISPLAY_CLEAR                       0x08002a83   Thumb Code    68  oled0561.o(.text)
    OLED_DISPLAY_OFF                         0x08002ac7   Thumb Code    22  oled0561.o(.text)
    OLED0561_Init                            0x08002add   Thumb Code    16  oled0561.o(.text)
    OLED_DISPLAY_LIT                         0x08002aed   Thumb Code    26  oled0561.o(.text)
    OLED_DISPLAY_8x16                        0x08002b07   Thumb Code   150  oled0561.o(.text)
    OLED_DISPLAY_8x16_BUFFER                 0x08002b9d   Thumb Code    36  oled0561.o(.text)
    OLED_DISPLAY_16x16                       0x08002bc1   Thumb Code   152  oled0561.o(.text)
    OLED_DISPLAY_PIC1                        0x08002c59   Thumb Code    78  oled0561.o(.text)
    RELAY_Init                               0x08002cd5   Thumb Code    66  relay.o(.text)
    RELAY_1                                  0x08002d17   Thumb Code    18  relay.o(.text)
    RELAY_2                                  0x08002d29   Thumb Code    18  relay.o(.text)
    delay_us                                 0x08002d45   Thumb Code    44  delay.o(.text)
    delay_ms                                 0x08002d71   Thumb Code    26  delay.o(.text)
    delay_s                                  0x08002d8b   Thumb Code    26  delay.o(.text)
    RTC_First_Config                         0x08002da5   Thumb Code    76  rtc.o(.text)
    RTC_Config                               0x08002df1   Thumb Code    62  rtc.o(.text)
    RTC_IRQHandler                           0x08002e2f   Thumb Code    20  rtc.o(.text)
    RTCAlarm_IRQHandler                      0x08002e43   Thumb Code    20  rtc.o(.text)
    Is_Leap_Year                             0x08002e57   Thumb Code    58  rtc.o(.text)
    RTC_Set                                  0x08002e91   Thumb Code   180  rtc.o(.text)
    RTC_Get_Week                             0x08002f45   Thumb Code   114  rtc.o(.text)
    RTC_Get                                  0x08002fb7   Thumb Code   246  rtc.o(.text)
    NVIC_Configuration                       0x080030e1   Thumb Code    12  sys.o(.text)
    RCC_Configuration                        0x080030ed   Thumb Code   110  sys.o(.text)
    _sys_exit                                0x0800315d   Thumb Code     6  usart.o(.text)
    fputc                                    0x08003163   Thumb Code    20  usart.o(.text)
    USART1_printf                            0x08003177   Thumb Code    78  usart.o(.text)
    USART1_Init                              0x080031c5   Thumb Code   152  usart.o(.text)
    USART1_IRQHandler                        0x0800325d   Thumb Code   130  usart.o(.text)
    I2C_GPIO_Init                            0x080032f9   Thumb Code    46  i2c.o(.text)
    I2C_Configuration                        0x08003327   Thumb Code    62  i2c.o(.text)
    I2C_SAND_BUFFER                          0x08003365   Thumb Code   132  i2c.o(.text)
    I2C_SAND_BYTE                            0x080033e9   Thumb Code   112  i2c.o(.text)
    I2C_READ_BUFFER                          0x08003459   Thumb Code   218  i2c.o(.text)
    I2C_READ_BYTE                            0x08003533   Thumb Code   176  i2c.o(.text)
    ADC_DMA_Init                             0x080035f9   Thumb Code    74  adc.o(.text)
    ADC_GPIO_Init                            0x08003643   Thumb Code    48  adc.o(.text)
    ADC_Configuration                        0x08003673   Thumb Code   158  adc.o(.text)
    __use_no_semihosting                     0x08003721   Thumb Code     2  use_no_semi_2.o(.text)
    __c89vsnprintf                           0x08003725   Thumb Code    46  c89vsnprintf.o(.text)
    __2printf                                0x08003759   Thumb Code    20  __2printf.o(.text)
    _printf_str                              0x08003771   Thumb Code    82  _printf_str.o(.text)
    __printf                                 0x080037c5   Thumb Code   406  __printf_flags_ss_wp.o(.text)
    strlen                                   0x08003961   Thumb Code    62  strlen.o(.text)
    __aeabi_memcpy4                          0x0800399f   Thumb Code     0  rt_memcpy_w.o(.text)
    __aeabi_memcpy8                          0x0800399f   Thumb Code     0  rt_memcpy_w.o(.text)
    __rt_memcpy_w                            0x0800399f   Thumb Code   100  rt_memcpy_w.o(.text)
    _memcpy_lastbytes_aligned                0x080039e7   Thumb Code     0  rt_memcpy_w.o(.text)
    __use_two_region_memory                  0x08003a03   Thumb Code     2  heapauxi.o(.text)
    __rt_heap_escrow$2region                 0x08003a05   Thumb Code     2  heapauxi.o(.text)
    __rt_heap_expand$2region                 0x08003a07   Thumb Code     2  heapauxi.o(.text)
    __I$use$semihosting                      0x08003a09   Thumb Code     0  use_no_semi.o(.text)
    __use_no_semihosting_swi                 0x08003a09   Thumb Code     2  use_no_semi.o(.text)
    _printf_pre_padding                      0x08003a0b   Thumb Code    44  _printf_pad.o(.text)
    _printf_post_padding                     0x08003a37   Thumb Code    36  _printf_pad.o(.text)
    _printf_truncate_signed                  0x08003a5b   Thumb Code    18  _printf_truncate.o(.text)
    _printf_truncate_unsigned                0x08003a6d   Thumb Code    18  _printf_truncate.o(.text)
    _printf_int_dec                          0x08003a81   Thumb Code    98  _printf_dec.o(.text)
    _printf_charcount                        0x08003af5   Thumb Code    42  _printf_charcount.o(.text)
    _printf_char_common                      0x08003b2b   Thumb Code    32  _printf_char_common.o(.text)
    _sputc                                   0x08003b51   Thumb Code    10  _sputc.o(.text)
    _snputc                                  0x08003b5b   Thumb Code    16  _snputc.o(.text)
    _printf_cs_common                        0x08003b6b   Thumb Code    20  _printf_char.o(.text)
    _printf_char                             0x08003b7f   Thumb Code    16  _printf_char.o(.text)
    _printf_string                           0x08003b8f   Thumb Code     8  _printf_char.o(.text)
    _printf_char_file                        0x08003b99   Thumb Code    32  _printf_char_file.o(.text)
    _printf_wctomb                           0x08003bbd   Thumb Code   182  _printf_wctomb.o(.text)
    _printf_longlong_dec                     0x08003c79   Thumb Code   104  _printf_longlong_dec.o(.text)
    _printf_longlong_oct                     0x08003cf1   Thumb Code    76  _printf_oct_int_ll.o(.text)
    _printf_int_oct                          0x08003d3d   Thumb Code    24  _printf_oct_int_ll.o(.text)
    _printf_ll_oct                           0x08003d55   Thumb Code    12  _printf_oct_int_ll.o(.text)
    _printf_longlong_hex                     0x08003d69   Thumb Code    92  _printf_hex_int_ll_ptr.o(.text)
    _printf_int_hex                          0x08003dc5   Thumb Code    28  _printf_hex_int_ll_ptr.o(.text)
    _printf_ll_hex                           0x08003de1   Thumb Code    12  _printf_hex_int_ll_ptr.o(.text)
    _printf_hex_ptr                          0x08003ded   Thumb Code    18  _printf_hex_int_ll_ptr.o(.text)
    _ll_udiv10                               0x08003e05   Thumb Code   138  lludiv10.o(.text)
    _printf_int_common                       0x08003e8f   Thumb Code   180  _printf_intcommon.o(.text)
    __lib_sel_fp_printf                      0x08003f43   Thumb Code     2  _printf_fp_dec.o(.text)
    _printf_fp_dec_real                      0x080040e9   Thumb Code   616  _printf_fp_dec.o(.text)
    _printf_lcs_common                       0x08004351   Thumb Code    20  _printf_wchar.o(.text)
    _printf_wchar                            0x08004365   Thumb Code    16  _printf_wchar.o(.text)
    _printf_wstring                          0x08004375   Thumb Code     8  _printf_wchar.o(.text)
    ferror                                   0x0800437d   Thumb Code     8  ferror.o(.text)
    _wcrtomb                                 0x08004385   Thumb Code    64  _wcrtomb.o(.text)
    __rt_udiv10                              0x080043c5   Thumb Code    16  rtudiv10.o(.text)
    __user_setup_stackheap                   0x080043d5   Thumb Code    74  sys_stackheap_outer.o(.text)
    __rt_ctype_table                         0x08004421   Thumb Code    16  rt_ctype_table.o(.text)
    __rt_locale                              0x08004431   Thumb Code    12  rt_locale_intlibspace.o(.text)
    _printf_fp_infnan                        0x0800443d   Thumb Code   108  _printf_fp_infnan.o(.text)
    _btod_etento                             0x080044b9   Thumb Code   230  bigflt0.o(.text)
    exit                                     0x080045a5   Thumb Code    12  exit.o(.text)
    __user_libspace                          0x080045b1   Thumb Code     8  libspace.o(.text)
    __user_perproc_libspace                  0x080045b1   Thumb Code     0  libspace.o(.text)
    __user_perthread_libspace                0x080045b1   Thumb Code     0  libspace.o(.text)
    strcmp                                   0x080045b9   Thumb Code   128  strcmpv7m.o(.text)
    __rt_fp_status_addr                      0x08004639   Thumb Code    12  rt_fp_status_addr_intlibspace.o(.text)
    _btod_d2e                                0x08004645   Thumb Code    62  btod.o(CL$$btod_d2e)
    _d2e_denorm_low                          0x08004683   Thumb Code    70  btod.o(CL$$btod_d2e_denorm_low)
    _d2e_norm_op1                            0x080046c9   Thumb Code    96  btod.o(CL$$btod_d2e_norm_op1)
    __btod_div_common                        0x08004729   Thumb Code   696  btod.o(CL$$btod_div_common)
    _e2e                                     0x08004a61   Thumb Code   198  btod.o(CL$$btod_e2e)
    _btod_ediv                               0x08004b27   Thumb Code    40  btod.o(CL$$btod_ediv)
    _btod_emul                               0x08004b4f   Thumb Code    40  btod.o(CL$$btod_emul)
    __btod_mult_common                       0x08004b77   Thumb Code   580  btod.o(CL$$btod_mult_common)
    __ARM_fpclassify                         0x08004dbb   Thumb Code    40  fpclassify.o(i.__ARM_fpclassify)
    _get_lc_numeric                          0x08004de5   Thumb Code    44  lc_numeric_c.o(locale$$code)
    _get_lc_ctype                            0x08004e11   Thumb Code    44  lc_ctype_c.o(locale$$code)
    _fp_init                                 0x08004e3d   Thumb Code    14  fpinit.o(x$fpl$fpinit)
    __fplib_config_pureend_doubles           0x08004e49   Thumb Code     0  fpinit.o(x$fpl$fpinit)
    _printf_fp_dec                           0x08004e4b   Thumb Code     4  printf1.o(x$fpl$printf1)
    ASCII_8x16                               0x08004e4e   Data        1536  oled0561.o(.constdata)
    __I$use$fp                               0x08004e4f   Thumb Code     0  usenofp.o(x$fpl$usenofp)
    GB_16                                    0x0800544e   Data         128  oled0561.o(.constdata)
    PIC1                                     0x080054ce   Data        1024  oled0561.o(.constdata)
    table_week                               0x080058ce   Data          12  rtc.o(.constdata)
    mon_table                                0x080058da   Data          12  rtc.o(.constdata)
    Region$$Table$$Base                      0x080059bc   Number         0  anon$$obj.o(Region$$Table)
    Region$$Table$$Limit                     0x080059dc   Number         0  anon$$obj.o(Region$$Table)
    __ctype                                  0x08005a05   Data           0  lc_ctype_c.o(locale$$data)
    SystemCoreClock                          0x20000000   Data           4  system_stm32f10x.o(.data)
    AHBPrescTable                            0x20000004   Data          16  system_stm32f10x.o(.data)
    KUP                                      0x20000028   Data           1  encoder.o(.data)
    cou                                      0x2000002a   Data           2  encoder.o(.data)
    ryear                                    0x2000002e   Data           2  rtc.o(.data)
    rmon                                     0x20000030   Data           1  rtc.o(.data)
    rday                                     0x20000031   Data           1  rtc.o(.data)
    rhour                                    0x20000032   Data           1  rtc.o(.data)
    rmin                                     0x20000033   Data           1  rtc.o(.data)
    rsec                                     0x20000034   Data           1  rtc.o(.data)
    rweek                                    0x20000035   Data           1  rtc.o(.data)
    USART1_RX_STA                            0x20000038   Data           2  usart.o(.data)
    __stdout                                 0x2000003c   Data           4  usart.o(.data)
    ADC_DMA_IN5                              0x20000040   Data           4  adc.o(.data)
    USART1_RX_BUF                            0x20000044   Data         200  usart.o(.bss)
    __libspace_start                         0x2000010c   Data          96  libspace.o(.bss)
    __temporary_stack_top$libspace           0x2000016c   Data           0  libspace.o(.bss)



==============================================================================

Memory Map of the image

  Image Entry point : 0x080000ed

  Load Region LR_IROM1 (Base: 0x08000000, Size: 0x00005b4c, Max: 0x00010000, ABSOLUTE)

    Execution Region ER_IROM1 (Base: 0x08000000, Size: 0x00005b08, Max: 0x00010000, ABSOLUTE)

    Base Addr    Size         Type   Attr      Idx    E Section Name        Object

    0x08000000   0x000000ec   Data   RO          417    RESET               startup_stm32f10x_md.o
    0x080000ec   0x00000008   Code   RO          819  * !!!main             c_w.l(__main.o)(c_w.l)
    0x080000f4   0x00000034   Code   RO         1118    !!!scatter          c_w.l(__scatter.o)(c_w.l)
    0x08000128   0x0000001a   Code   RO         1120    !!handler_copy      c_w.l(__scatter_copy.o)(c_w.l)
    0x08000142   0x00000002   PAD
    0x08000144   0x0000001c   Code   RO         1122    !!handler_zi        c_w.l(__scatter_zi.o)(c_w.l)
    0x08000160   0x00000000   Code   RO          812    .ARM.Collect$$_printf_percent$$00000000  c_w.l(_printf_percent.o)(c_w.l)
    0x08000160   0x00000006   Code   RO          876    .ARM.Collect$$_printf_percent$$00000001  c_w.l(_printf_n.o)(c_w.l)
    0x08000166   0x00000006   Code   RO          878    .ARM.Collect$$_printf_percent$$00000002  c_w.l(_printf_p.o)(c_w.l)
    0x0800016c   0x00000006   Code   RO          883    .ARM.Collect$$_printf_percent$$00000003  c_w.l(_printf_f.o)(c_w.l)
    0x08000172   0x00000006   Code   RO          884    .ARM.Collect$$_printf_percent$$00000004  c_w.l(_printf_e.o)(c_w.l)
    0x08000178   0x00000006   Code   RO          885    .ARM.Collect$$_printf_percent$$00000005  c_w.l(_printf_g.o)(c_w.l)
    0x0800017e   0x00000006   Code   RO          886    .ARM.Collect$$_printf_percent$$00000006  c_w.l(_printf_a.o)(c_w.l)
    0x08000184   0x0000000a   Code   RO          891    .ARM.Collect$$_printf_percent$$00000007  c_w.l(_printf_ll.o)(c_w.l)
    0x0800018e   0x00000006   Code   RO          880    .ARM.Collect$$_printf_percent$$00000008  c_w.l(_printf_i.o)(c_w.l)
    0x08000194   0x00000006   Code   RO          881    .ARM.Collect$$_printf_percent$$00000009  c_w.l(_printf_d.o)(c_w.l)
    0x0800019a   0x00000006   Code   RO          882    .ARM.Collect$$_printf_percent$$0000000A  c_w.l(_printf_u.o)(c_w.l)
    0x080001a0   0x00000006   Code   RO          879    .ARM.Collect$$_printf_percent$$0000000B  c_w.l(_printf_o.o)(c_w.l)
    0x080001a6   0x00000006   Code   RO          877    .ARM.Collect$$_printf_percent$$0000000C  c_w.l(_printf_x.o)(c_w.l)
    0x080001ac   0x00000006   Code   RO          888    .ARM.Collect$$_printf_percent$$0000000D  c_w.l(_printf_lli.o)(c_w.l)
    0x080001b2   0x00000006   Code   RO          889    .ARM.Collect$$_printf_percent$$0000000E  c_w.l(_printf_lld.o)(c_w.l)
    0x080001b8   0x00000006   Code   RO          890    .ARM.Collect$$_printf_percent$$0000000F  c_w.l(_printf_llu.o)(c_w.l)
    0x080001be   0x00000006   Code   RO          895    .ARM.Collect$$_printf_percent$$00000010  c_w.l(_printf_llo.o)(c_w.l)
    0x080001c4   0x00000006   Code   RO          896    .ARM.Collect$$_printf_percent$$00000011  c_w.l(_printf_llx.o)(c_w.l)
    0x080001ca   0x0000000a   Code   RO          892    .ARM.Collect$$_printf_percent$$00000012  c_w.l(_printf_l.o)(c_w.l)
    0x080001d4   0x00000006   Code   RO          811    .ARM.Collect$$_printf_percent$$00000013  c_w.l(_printf_c.o)(c_w.l)
    0x080001da   0x00000006   Code   RO          875    .ARM.Collect$$_printf_percent$$00000014  c_w.l(_printf_s.o)(c_w.l)
    0x080001e0   0x00000006   Code   RO          893    .ARM.Collect$$_printf_percent$$00000015  c_w.l(_printf_lc.o)(c_w.l)
    0x080001e6   0x00000006   Code   RO          894    .ARM.Collect$$_printf_percent$$00000016  c_w.l(_printf_ls.o)(c_w.l)
    0x080001ec   0x00000004   Code   RO          887    .ARM.Collect$$_printf_percent$$00000017  c_w.l(_printf_percent_end.o)(c_w.l)
    0x080001f0   0x00000006   Code   RO          982    .ARM.Collect$$libinit$$00000000  c_w.l(libinit.o)(c_w.l)
    0x080001f6   0x00000000   Code   RO         1000    .ARM.Collect$$libinit$$00000006  c_w.l(libinit2.o)(c_w.l)
    0x080001f6   0x00000000   Code   RO         1002    .ARM.Collect$$libinit$$00000008  c_w.l(libinit2.o)(c_w.l)
    0x080001f6   0x00000000   Code   RO         1004    .ARM.Collect$$libinit$$0000000A  c_w.l(libinit2.o)(c_w.l)
    0x080001f6   0x00000006   Code   RO         1005    .ARM.Collect$$libinit$$0000000B  c_w.l(libinit2.o)(c_w.l)
    0x080001fc   0x00000000   Code   RO         1007    .ARM.Collect$$libinit$$0000000D  c_w.l(libinit2.o)(c_w.l)
    0x080001fc   0x0000000c   Code   RO         1008    .ARM.Collect$$libinit$$0000000E  c_w.l(libinit2.o)(c_w.l)
    0x08000208   0x00000000   Code   RO         1009    .ARM.Collect$$libinit$$0000000F  c_w.l(libinit2.o)(c_w.l)
    0x08000208   0x00000000   Code   RO         1011    .ARM.Collect$$libinit$$00000011  c_w.l(libinit2.o)(c_w.l)
    0x08000208   0x0000000a   Code   RO         1012    .ARM.Collect$$libinit$$00000012  c_w.l(libinit2.o)(c_w.l)
    0x08000212   0x00000000   Code   RO         1013    .ARM.Collect$$libinit$$00000013  c_w.l(libinit2.o)(c_w.l)
    0x08000212   0x00000000   Code   RO         1015    .ARM.Collect$$libinit$$00000015  c_w.l(libinit2.o)(c_w.l)
    0x08000212   0x00000000   Code   RO         1017    .ARM.Collect$$libinit$$00000017  c_w.l(libinit2.o)(c_w.l)
    0x08000212   0x00000000   Code   RO         1019    .ARM.Collect$$libinit$$00000019  c_w.l(libinit2.o)(c_w.l)
    0x08000212   0x00000000   Code   RO         1021    .ARM.Collect$$libinit$$0000001B  c_w.l(libinit2.o)(c_w.l)
    0x08000212   0x00000000   Code   RO         1023    .ARM.Collect$$libinit$$0000001D  c_w.l(libinit2.o)(c_w.l)
    0x08000212   0x00000000   Code   RO         1025    .ARM.Collect$$libinit$$0000001F  c_w.l(libinit2.o)(c_w.l)
    0x08000212   0x00000000   Code   RO         1027    .ARM.Collect$$libinit$$00000021  c_w.l(libinit2.o)(c_w.l)
    0x08000212   0x00000000   Code   RO         1031    .ARM.Collect$$libinit$$00000028  c_w.l(libinit2.o)(c_w.l)
    0x08000212   0x00000000   Code   RO         1033    .ARM.Collect$$libinit$$0000002A  c_w.l(libinit2.o)(c_w.l)
    0x08000212   0x00000000   Code   RO         1035    .ARM.Collect$$libinit$$0000002C  c_w.l(libinit2.o)(c_w.l)
    0x08000212   0x00000000   Code   RO         1037    .ARM.Collect$$libinit$$0000002E  c_w.l(libinit2.o)(c_w.l)
    0x08000212   0x00000002   Code   RO         1038    .ARM.Collect$$libinit$$0000002F  c_w.l(libinit2.o)(c_w.l)
    0x08000214   0x00000002   Code   RO         1062    .ARM.Collect$$libshutdown$$00000000  c_w.l(libshutdown.o)(c_w.l)
    0x08000216   0x00000000   Code   RO         1073    .ARM.Collect$$libshutdown$$00000003  c_w.l(libshutdown2.o)(c_w.l)
    0x08000216   0x00000000   Code   RO         1076    .ARM.Collect$$libshutdown$$00000006  c_w.l(libshutdown2.o)(c_w.l)
    0x08000216   0x00000000   Code   RO         1079    .ARM.Collect$$libshutdown$$00000009  c_w.l(libshutdown2.o)(c_w.l)
    0x08000216   0x00000000   Code   RO         1081    .ARM.Collect$$libshutdown$$0000000B  c_w.l(libshutdown2.o)(c_w.l)
    0x08000216   0x00000000   Code   RO         1084    .ARM.Collect$$libshutdown$$0000000E  c_w.l(libshutdown2.o)(c_w.l)
    0x08000216   0x00000002   Code   RO         1085    .ARM.Collect$$libshutdown$$0000000F  c_w.l(libshutdown2.o)(c_w.l)
    0x08000218   0x00000000   Code   RO          823    .ARM.Collect$$rtentry$$00000000  c_w.l(rtentry.o)(c_w.l)
    0x08000218   0x00000000   Code   RO          900    .ARM.Collect$$rtentry$$00000002  c_w.l(rtentry2.o)(c_w.l)
    0x08000218   0x00000006   Code   RO          915    .ARM.Collect$$rtentry$$00000004  c_w.l(rtentry4.o)(c_w.l)
    0x0800021e   0x00000000   Code   RO          902    .ARM.Collect$$rtentry$$00000009  c_w.l(rtentry2.o)(c_w.l)
    0x0800021e   0x00000004   Code   RO          903    .ARM.Collect$$rtentry$$0000000A  c_w.l(rtentry2.o)(c_w.l)
    0x08000222   0x00000000   Code   RO          905    .ARM.Collect$$rtentry$$0000000C  c_w.l(rtentry2.o)(c_w.l)
    0x08000222   0x00000008   Code   RO          906    .ARM.Collect$$rtentry$$0000000D  c_w.l(rtentry2.o)(c_w.l)
    0x0800022a   0x00000002   Code   RO          991    .ARM.Collect$$rtexit$$00000000  c_w.l(rtexit.o)(c_w.l)
    0x0800022c   0x00000000   Code   RO         1042    .ARM.Collect$$rtexit$$00000002  c_w.l(rtexit2.o)(c_w.l)
    0x0800022c   0x00000004   Code   RO         1043    .ARM.Collect$$rtexit$$00000003  c_w.l(rtexit2.o)(c_w.l)
    0x08000230   0x00000006   Code   RO         1044    .ARM.Collect$$rtexit$$00000004  c_w.l(rtexit2.o)(c_w.l)
    0x08000236   0x00000002   PAD
    0x08000238   0x000001c8   Code   RO           17    .text               system_stm32f10x.o
    0x08000400   0x000000f8   Code   RO          114    .text               misc.o
    0x080004f8   0x00000440   Code   RO          149    .text               stm32f10x_adc.o
    0x08000938   0x000000c4   Code   RO          161    .text               stm32f10x_bkp.o
    0x080009fc   0x00000248   Code   RO          233    .text               stm32f10x_dma.o
    0x08000c44   0x000005c8   Code   RO          257    .text               stm32f10x_flash.o
    0x0800120c   0x00000358   Code   RO          281    .text               stm32f10x_gpio.o
    0x08001564   0x000003f0   Code   RO          293    .text               stm32f10x_i2c.o
    0x08001954   0x000000d8   Code   RO          317    .text               stm32f10x_pwr.o
    0x08001a2c   0x000003a4   Code   RO          329    .text               stm32f10x_rcc.o
    0x08001dd0   0x00000178   Code   RO          343    .text               stm32f10x_rtc.o
    0x08001f48   0x0000040c   Code   RO          391    .text               stm32f10x_usart.o
    0x08002354   0x00000040   Code   RO          418    .text               startup_stm32f10x_md.o
    0x08002394   0x000002ec   Code   RO          422    .text               main.o
    0x08002680   0x0000001a   Code   RO          489    .text               stm32f10x_it.o
    0x0800269a   0x00000002   PAD
    0x0800269c   0x0000001c   Code   RO          552    .text               touch_key.o
    0x080026b8   0x00000200   Code   RO          567    .text               tm1640.o
    0x080028b8   0x000000ec   Code   RO          582    .text               encoder.o
    0x080029a4   0x000000be   Code   RO          600    .text               lm75a.o
    0x08002a62   0x00000002   PAD
    0x08002a64   0x00000270   Code   RO          615    .text               oled0561.o
    0x08002cd4   0x00000070   Code   RO          640    .text               relay.o
    0x08002d44   0x00000060   Code   RO          655    .text               delay.o
    0x08002da4   0x0000033c   Code   RO          670    .text               rtc.o
    0x080030e0   0x0000007a   Code   RO          689    .text               sys.o
    0x0800315a   0x00000002   PAD
    0x0800315c   0x0000019c   Code   RO          704    .text               usart.o
    0x080032f8   0x00000300   Code   RO          746    .text               i2c.o
    0x080035f8   0x00000128   Code   RO          761    .text               adc.o
    0x08003720   0x00000002   Code   RO          781    .text               c_w.l(use_no_semi_2.o)(c_w.l)
    0x08003722   0x00000002   PAD
    0x08003724   0x00000034   Code   RO          783    .text               c_w.l(c89vsnprintf.o)(c_w.l)
    0x08003758   0x00000018   Code   RO          785    .text               c_w.l(__2printf.o)(c_w.l)
    0x08003770   0x00000052   Code   RO          791    .text               c_w.l(_printf_str.o)(c_w.l)
    0x080037c2   0x00000002   PAD
    0x080037c4   0x0000019c   Code   RO          808    .text               c_w.l(__printf_flags_ss_wp.o)(c_w.l)
    0x08003960   0x0000003e   Code   RO          813    .text               c_w.l(strlen.o)(c_w.l)
    0x0800399e   0x00000064   Code   RO          815    .text               c_w.l(rt_memcpy_w.o)(c_w.l)
    0x08003a02   0x00000006   Code   RO          817    .text               c_w.l(heapauxi.o)(c_w.l)
    0x08003a08   0x00000002   Code   RO          821    .text               c_w.l(use_no_semi.o)(c_w.l)
    0x08003a0a   0x00000050   Code   RO          825    .text               c_w.l(_printf_pad.o)(c_w.l)
    0x08003a5a   0x00000024   Code   RO          827    .text               c_w.l(_printf_truncate.o)(c_w.l)
    0x08003a7e   0x00000002   PAD
    0x08003a80   0x00000074   Code   RO          829    .text               c_w.l(_printf_dec.o)(c_w.l)
    0x08003af4   0x0000002a   Code   RO          831    .text               c_w.l(_printf_charcount.o)(c_w.l)
    0x08003b1e   0x00000002   PAD
    0x08003b20   0x00000030   Code   RO          833    .text               c_w.l(_printf_char_common.o)(c_w.l)
    0x08003b50   0x0000000a   Code   RO          835    .text               c_w.l(_sputc.o)(c_w.l)
    0x08003b5a   0x00000010   Code   RO          837    .text               c_w.l(_snputc.o)(c_w.l)
    0x08003b6a   0x0000002c   Code   RO          839    .text               c_w.l(_printf_char.o)(c_w.l)
    0x08003b96   0x00000002   PAD
    0x08003b98   0x00000024   Code   RO          841    .text               c_w.l(_printf_char_file.o)(c_w.l)
    0x08003bbc   0x000000bc   Code   RO          843    .text               c_w.l(_printf_wctomb.o)(c_w.l)
    0x08003c78   0x00000078   Code   RO          846    .text               c_w.l(_printf_longlong_dec.o)(c_w.l)
    0x08003cf0   0x00000078   Code   RO          852    .text               c_w.l(_printf_oct_int_ll.o)(c_w.l)
    0x08003d68   0x0000009c   Code   RO          872    .text               c_w.l(_printf_hex_int_ll_ptr.o)(c_w.l)
    0x08003e04   0x0000008a   Code   RO          917    .text               c_w.l(lludiv10.o)(c_w.l)
    0x08003e8e   0x000000b4   Code   RO          919    .text               c_w.l(_printf_intcommon.o)(c_w.l)
    0x08003f42   0x0000040e   Code   RO          921    .text               c_w.l(_printf_fp_dec.o)(c_w.l)
    0x08004350   0x0000002c   Code   RO          925    .text               c_w.l(_printf_wchar.o)(c_w.l)
    0x0800437c   0x00000008   Code   RO          927    .text               c_w.l(ferror.o)(c_w.l)
    0x08004384   0x00000040   Code   RO          931    .text               c_w.l(_wcrtomb.o)(c_w.l)
    0x080043c4   0x00000010   Code   RO          933    .text               c_w.l(rtudiv10.o)(c_w.l)
    0x080043d4   0x0000004a   Code   RO          935    .text               c_w.l(sys_stackheap_outer.o)(c_w.l)
    0x0800441e   0x00000002   PAD
    0x08004420   0x00000010   Code   RO          937    .text               c_w.l(rt_ctype_table.o)(c_w.l)
    0x08004430   0x0000000c   Code   RO          942    .text               c_w.l(rt_locale_intlibspace.o)(c_w.l)
    0x0800443c   0x0000007c   Code   RO          944    .text               c_w.l(_printf_fp_infnan.o)(c_w.l)
    0x080044b8   0x000000ec   Code   RO          946    .text               c_w.l(bigflt0.o)(c_w.l)
    0x080045a4   0x0000000c   Code   RO          974    .text               c_w.l(exit.o)(c_w.l)
    0x080045b0   0x00000008   Code   RO          988    .text               c_w.l(libspace.o)(c_w.l)
    0x080045b8   0x00000080   Code   RO          996    .text               c_w.l(strcmpv7m.o)(c_w.l)
    0x08004638   0x0000000c   Code   RO         1052    .text               c_w.l(rt_fp_status_addr_intlibspace.o)(c_w.l)
    0x08004644   0x0000003e   Code   RO          949    CL$$btod_d2e        c_w.l(btod.o)(c_w.l)
    0x08004682   0x00000046   Code   RO          951    CL$$btod_d2e_denorm_low  c_w.l(btod.o)(c_w.l)
    0x080046c8   0x00000060   Code   RO          950    CL$$btod_d2e_norm_op1  c_w.l(btod.o)(c_w.l)
    0x08004728   0x00000338   Code   RO          959    CL$$btod_div_common  c_w.l(btod.o)(c_w.l)
    0x08004a60   0x000000c6   Code   RO          956    CL$$btod_e2e        c_w.l(btod.o)(c_w.l)
    0x08004b26   0x00000028   Code   RO          953    CL$$btod_ediv       c_w.l(btod.o)(c_w.l)
    0x08004b4e   0x00000028   Code   RO          952    CL$$btod_emul       c_w.l(btod.o)(c_w.l)
    0x08004b76   0x00000244   Code   RO          958    CL$$btod_mult_common  c_w.l(btod.o)(c_w.l)
    0x08004dba   0x00000028   Code   RO          986    i.__ARM_fpclassify  m_ws.l(fpclassify.o)(m_ws.l)
    0x08004de2   0x00000002   PAD
    0x08004de4   0x0000002c   Code   RO          972    locale$$code        c_w.l(lc_numeric_c.o)(c_w.l)
    0x08004e10   0x0000002c   Code   RO          994    locale$$code        c_w.l(lc_ctype_c.o)(c_w.l)
    0x08004e3c   0x0000000e   Code   RO         1039    x$fpl$fpinit        fz_ws.l(fpinit.o)(fz_ws.l)
    0x08004e4a   0x00000004   Code   RO          897    x$fpl$printf1       fz_ws.l(printf1.o)(fz_ws.l)
    0x08004e4e   0x00000000   Code   RO          985    x$fpl$usenofp       fz_ws.l(usenofp.o)(fz_ws.l)
    0x08004e4e   0x00000a80   Data   RO          616    .constdata          oled0561.o
    0x080058ce   0x00000018   Data   RO          671    .constdata          rtc.o
    0x080058e6   0x00000011   Data   RO          809    .constdata          c_w.l(__printf_flags_ss_wp.o)(c_w.l)
    0x080058f7   0x00000001   PAD
    0x080058f8   0x00000008   Data   RO          844    .constdata          c_w.l(_printf_wctomb.o)(c_w.l)
    0x08005900   0x00000028   Data   RO          873    .constdata          c_w.l(_printf_hex_int_ll_ptr.o)(c_w.l)
    0x08005928   0x00000094   Data   RO          947    .constdata          c_w.l(bigflt0.o)(c_w.l)
    0x080059bc   0x00000020   Data   RO         1116    Region$$Table       anon$$obj.o
    0x080059dc   0x0000001c   Data   RO          971    locale$$data        c_w.l(lc_numeric_c.o)(c_w.l)
    0x080059f8   0x00000110   Data   RO          993    locale$$data        c_w.l(lc_ctype_c.o)(c_w.l)


    Execution Region RW_IRAM1 (Base: 0x20000000, Size: 0x00000770, Max: 0x00005000, ABSOLUTE)

    Base Addr    Size         Type   Attr      Idx    E Section Name        Object

    0x20000000   0x00000014   Data   RW           18    .data               system_stm32f10x.o
    0x20000014   0x00000014   Data   RW          330    .data               stm32f10x_rcc.o
    0x20000028   0x00000004   Data   RW          583    .data               encoder.o
    0x2000002c   0x0000000a   Data   RW          672    .data               rtc.o
    0x20000036   0x00000002   PAD
    0x20000038   0x00000008   Data   RW          706    .data               usart.o
    0x20000040   0x00000004   Data   RW          762    .data               adc.o
    0x20000044   0x000000c8   Zero   RW          705    .bss                usart.o
    0x2000010c   0x00000060   Zero   RW          989    .bss                c_w.l(libspace.o)(c_w.l)
    0x2000016c   0x00000004   PAD
    0x20000170   0x00000200   Zero   RW          416    HEAP                startup_stm32f10x_md.o
    0x20000370   0x00000400   Zero   RW          415    STACK               startup_stm32f10x_md.o


==============================================================================

Image component sizes


      Code (inc. data)   RO Data    RW Data    ZI Data      Debug   Object Name

       296         16          0          4          0          0   adc.o
         0          0          0          0          0          0   core_cm3.o
        96          0          0          0          0          0   delay.o
       236         18          0          4          0          0   encoder.o
       768         22          0          0          0          0   i2c.o
       190          0          0          0          0          0   lm75a.o
       748         66          0          0          0          0   main.o
       248         30          0          0          0          0   misc.o
       624         46       2688          0          0          0   oled0561.o
       112         10          0          0          0          0   relay.o
       828         52         24         10          0          0   rtc.o
        64         26        236          0       1536          0   startup_stm32f10x_md.o
      1088         36          0          0          0          0   stm32f10x_adc.o
       196         32          0          0          0          0   stm32f10x_bkp.o
       584         20          0          0          0          0   stm32f10x_dma.o
      1480         52          0          0          0          0   stm32f10x_flash.o
       856         40          0          0          0          0   stm32f10x_gpio.o
      1008         16          0          0          0          0   stm32f10x_i2c.o
        26          0          0          0          0          0   stm32f10x_it.o
       216         16          0          0          0          0   stm32f10x_pwr.o
       932         52          0         20          0          0   stm32f10x_rcc.o
       376         32          0          0          0          0   stm32f10x_rtc.o
      1036         20          0          0          0          0   stm32f10x_usart.o
       122          0          0          0          0          0   sys.o
       456         36          0         20          0          0   system_stm32f10x.o
       512         30          0          0          0          0   tm1640.o
        28          4          0          0          0          0   touch_key.o
       412         26          0          8        200          0   usart.o

    ----------------------------------------------------------------------
     13544        698       2980         68       1736          0   Object Totals
         0          0         32          0          0          0   (incl. Generated)
         6          0          0          2          0          1   (incl. Padding)

    ----------------------------------------------------------------------

      Code (inc. data)   RO Data    RW Data    ZI Data      Debug   Library Member Name

        24          4          0          0          0          0   __2printf.o
         8          0          0          0          0          0   __main.o
       412          6         17          0          0          0   __printf_flags_ss_wp.o
        52          8          0          0          0          0   __scatter.o
        26          0          0          0          0          0   __scatter_copy.o
        28          0          0          0          0          0   __scatter_zi.o
         6          0          0          0          0          0   _printf_a.o
         6          0          0          0          0          0   _printf_c.o
        44          0          0          0          0          0   _printf_char.o
        48          6          0          0          0          0   _printf_char_common.o
        36          4          0          0          0          0   _printf_char_file.o
        42          0          0          0          0          0   _printf_charcount.o
         6          0          0          0          0          0   _printf_d.o
       116         18          0          0          0          0   _printf_dec.o
         6          0          0          0          0          0   _printf_e.o
         6          0          0          0          0          0   _printf_f.o
      1038          0          0          0          0          0   _printf_fp_dec.o
       124         16          0          0          0          0   _printf_fp_infnan.o
         6          0          0          0          0          0   _printf_g.o
       156          6         40          0          0          0   _printf_hex_int_ll_ptr.o
         6          0          0          0          0          0   _printf_i.o
       180          0          0          0          0          0   _printf_intcommon.o
        10          0          0          0          0          0   _printf_l.o
         6          0          0          0          0          0   _printf_lc.o
        10          0          0          0          0          0   _printf_ll.o
         6          0          0          0          0          0   _printf_lld.o
         6          0          0          0          0          0   _printf_lli.o
         6          0          0          0          0          0   _printf_llo.o
         6          0          0          0          0          0   _printf_llu.o
         6          0          0          0          0          0   _printf_llx.o
       120         16          0          0          0          0   _printf_longlong_dec.o
         6          0          0          0          0          0   _printf_ls.o
         6          0          0          0          0          0   _printf_n.o
         6          0          0          0          0          0   _printf_o.o
       120          8          0          0          0          0   _printf_oct_int_ll.o
         6          0          0          0          0          0   _printf_p.o
        80          0          0          0          0          0   _printf_pad.o
         0          0          0          0          0          0   _printf_percent.o
         4          0          0          0          0          0   _printf_percent_end.o
         6          0          0          0          0          0   _printf_s.o
        82          0          0          0          0          0   _printf_str.o
        36          0          0          0          0          0   _printf_truncate.o
         6          0          0          0          0          0   _printf_u.o
        44          0          0          0          0          0   _printf_wchar.o
       188          6          8          0          0          0   _printf_wctomb.o
         6          0          0          0          0          0   _printf_x.o
        16          0          0          0          0          0   _snputc.o
        10          0          0          0          0          0   _sputc.o
        64          0          0          0          0          0   _wcrtomb.o
       236          6        148          0          0          0   bigflt0.o
      1910        128          0          0          0          0   btod.o
        52          6          0          0          0          0   c89vsnprintf.o
        12          0          0          0          0          0   exit.o
         8          0          0          0          0          0   ferror.o
         6          0          0          0          0          0   heapauxi.o
        44         10        272          0          0          0   lc_ctype_c.o
        44         10         28          0          0          0   lc_numeric_c.o
         6          0          0          0          0          0   libinit.o
        30          0          0          0          0          0   libinit2.o
         2          0          0          0          0          0   libshutdown.o
         2          0          0          0          0          0   libshutdown2.o
         8          4          0          0         96          0   libspace.o
       138          0          0          0          0          0   lludiv10.o
        16          4          0          0          0          0   rt_ctype_table.o
        12          4          0          0          0          0   rt_fp_status_addr_intlibspace.o
        12          4          0          0          0          0   rt_locale_intlibspace.o
       100          0          0          0          0          0   rt_memcpy_w.o
         0          0          0          0          0          0   rtentry.o
        12          0          0          0          0          0   rtentry2.o
         6          0          0          0          0          0   rtentry4.o
         2          0          0          0          0          0   rtexit.o
        10          0          0          0          0          0   rtexit2.o
        16          0          0          0          0          0   rtudiv10.o
       128          0          0          0          0          0   strcmpv7m.o
        62          0          0          0          0          0   strlen.o
        74          0          0          0          0          0   sys_stackheap_outer.o
         2          0          0          0          0          0   use_no_semi.o
         2          0          0          0          0          0   use_no_semi_2.o
        14          0          0          0          0          0   fpinit.o
         4          0          0          0          0          0   printf1.o
         0          0          0          0          0          0   usenofp.o
        40          0          0          0          0          0   fpclassify.o

    ----------------------------------------------------------------------
      6266        274        514          0        100          0   Library Totals
        18          0          1          0          4          0   (incl. Padding)

    ----------------------------------------------------------------------

      Code (inc. data)   RO Data    RW Data    ZI Data      Debug   Library Name

      6190        274        513          0         96       4308   c_w.l
        18          0          0          0          0        144   fz_ws.l
        40          0          0          0          0         68   m_ws.l

    ----------------------------------------------------------------------
      6266        274        514          0        100          0   Library Totals

    ----------------------------------------------------------------------

==============================================================================


      Code (inc. data)   RO Data    RW Data    ZI Data      Debug   

     19810        972       3494         68       1836     350632   Grand Totals
     19810        972       3494         68       1836     350632   ELF Image Totals
     19810        972       3494         68          0          0   ROM Totals

==============================================================================

    Total RO  Size (Code + RO Data)                23304 (  22.76kB)
    Total RW  Size (RW Data + ZI Data)              1904 (   1.86kB)
    Total ROM Size (Code + RO Data + RW Data)      23372 (  22.82kB)

==============================================================================

